Archive member included because of file (symbol)

/usr/local/gcc-arm-none-eabi-4_9-2015q3/bin/../lib/gcc/arm-none-eabi/4.9.3/armv7e-m/libgcc.a(_arm_addsubsf3.o)
                              ./Generated_Code/PwmLdd1.o (__aeabi_i2f)
/usr/local/gcc-arm-none-eabi-4_9-2015q3/bin/../lib/gcc/arm-none-eabi/4.9.3/armv7e-m/libgcc.a(_arm_muldivsf3.o)
                              ./Generated_Code/PwmLdd1.o (__aeabi_fmul)
/usr/local/gcc-arm-none-eabi-4_9-2015q3/bin/../lib/gcc/arm-none-eabi/4.9.3/armv7e-m/libgcc.a(_arm_cmpsf2.o)
                              ./Generated_Code/PwmLdd1.o (__aeabi_fcmpgt)
/usr/local/gcc-arm-none-eabi-4_9-2015q3/bin/../lib/gcc/arm-none-eabi/4.9.3/armv7e-m/libgcc.a(_arm_fixunssfsi.o)
                              ./Generated_Code/PwmLdd1.o (__aeabi_f2uiz)
/usr/local/gcc-arm-none-eabi-4_9-2015q3/bin/../lib/gcc/arm-none-eabi/4.9.3/../../../../arm-none-eabi/lib/armv7e-m/libg.a(lib_a-exit.o)
                              /usr/local/gcc-arm-none-eabi-4_9-2015q3/bin/../lib/gcc/arm-none-eabi/4.9.3/../../../../arm-none-eabi/lib/armv7e-m/crt0.o (exit)
/usr/local/gcc-arm-none-eabi-4_9-2015q3/bin/../lib/gcc/arm-none-eabi/4.9.3/../../../../arm-none-eabi/lib/armv7e-m/libg.a(lib_a-impure.o)
                              /usr/local/gcc-arm-none-eabi-4_9-2015q3/bin/../lib/gcc/arm-none-eabi/4.9.3/../../../../arm-none-eabi/lib/armv7e-m/libg.a(lib_a-exit.o) (_global_impure_ptr)
/usr/local/gcc-arm-none-eabi-4_9-2015q3/bin/../lib/gcc/arm-none-eabi/4.9.3/../../../../arm-none-eabi/lib/armv7e-m/libg.a(lib_a-init.o)
                              /usr/local/gcc-arm-none-eabi-4_9-2015q3/bin/../lib/gcc/arm-none-eabi/4.9.3/../../../../arm-none-eabi/lib/armv7e-m/crt0.o (__libc_init_array)
/usr/local/gcc-arm-none-eabi-4_9-2015q3/bin/../lib/gcc/arm-none-eabi/4.9.3/../../../../arm-none-eabi/lib/armv7e-m/libg.a(lib_a-memset.o)
                              /usr/local/gcc-arm-none-eabi-4_9-2015q3/bin/../lib/gcc/arm-none-eabi/4.9.3/../../../../arm-none-eabi/lib/armv7e-m/crt0.o (memset)
/usr/local/gcc-arm-none-eabi-4_9-2015q3/bin/../lib/gcc/arm-none-eabi/4.9.3/../../../../arm-none-eabi/lib/armv7e-m/libg.a(lib_a-strchr.o)
                              ./Generated_Code/UTIL1.o (strchr)
/usr/local/gcc-arm-none-eabi-4_9-2015q3/bin/../lib/gcc/arm-none-eabi/4.9.3/../../../../arm-none-eabi/lib/armv7e-m/libg.a(lib_a-strlen.o)
                              ./Sources/DataLogger.o (strlen)
/usr/local/gcc-arm-none-eabi-4_9-2015q3/bin/../lib/gcc/arm-none-eabi/4.9.3/../../../../arm-none-eabi/lib/armv7e-m/libg.a(lib_a-strncmp.o)
                              ./Generated_Code/UTIL1.o (strncmp)
/usr/local/gcc-arm-none-eabi-4_9-2015q3/bin/../lib/gcc/arm-none-eabi/4.9.3/../../../../arm-none-eabi/lib/armv7e-m/libg.a(lib_a-__call_atexit.o)
                              /usr/local/gcc-arm-none-eabi-4_9-2015q3/bin/../lib/gcc/arm-none-eabi/4.9.3/../../../../arm-none-eabi/lib/armv7e-m/libg.a(lib_a-exit.o) (__call_exitprocs)
/usr/local/gcc-arm-none-eabi-4_9-2015q3/bin/../lib/gcc/arm-none-eabi/4.9.3/../../../../arm-none-eabi/lib/armv7e-m/libg.a(lib_a-atexit.o)
                              /usr/local/gcc-arm-none-eabi-4_9-2015q3/bin/../lib/gcc/arm-none-eabi/4.9.3/../../../../arm-none-eabi/lib/armv7e-m/libg.a(lib_a-__call_atexit.o) (atexit)
/usr/local/gcc-arm-none-eabi-4_9-2015q3/bin/../lib/gcc/arm-none-eabi/4.9.3/../../../../arm-none-eabi/lib/armv7e-m/libg.a(lib_a-fini.o)
                              /usr/local/gcc-arm-none-eabi-4_9-2015q3/bin/../lib/gcc/arm-none-eabi/4.9.3/../../../../arm-none-eabi/lib/armv7e-m/libg.a(lib_a-__call_atexit.o) (__libc_fini_array)
/usr/local/gcc-arm-none-eabi-4_9-2015q3/bin/../lib/gcc/arm-none-eabi/4.9.3/../../../../arm-none-eabi/lib/armv7e-m/libg.a(lib_a-__atexit.o)
                              /usr/local/gcc-arm-none-eabi-4_9-2015q3/bin/../lib/gcc/arm-none-eabi/4.9.3/../../../../arm-none-eabi/lib/armv7e-m/libg.a(lib_a-atexit.o) (__register_exitproc)

Allocating common symbols
Common symbol       size              file

AD1_OutV            0x2               ./Generated_Code/AD1.o
AdcLdd1_DeviceDataPtr
                    0x4               ./Generated_Code/AD1.o
SR_reg              0x1               ./Static_Code/System/CPU_Init.o
LEDPWM_currPWM      0x2               ./Generated_Code/LEDPWM.o

Discarded input sections

 .text          0x00000000        0x0 /usr/local/gcc-arm-none-eabi-4_9-2015q3/bin/../lib/gcc/arm-none-eabi/4.9.3/armv7e-m/crti.o
 .data          0x00000000        0x0 /usr/local/gcc-arm-none-eabi-4_9-2015q3/bin/../lib/gcc/arm-none-eabi/4.9.3/armv7e-m/crti.o
 .bss           0x00000000        0x0 /usr/local/gcc-arm-none-eabi-4_9-2015q3/bin/../lib/gcc/arm-none-eabi/4.9.3/armv7e-m/crti.o
 .data          0x00000000        0x4 /usr/local/gcc-arm-none-eabi-4_9-2015q3/bin/../lib/gcc/arm-none-eabi/4.9.3/armv7e-m/crtbegin.o
 .text          0x00000000       0x74 /usr/local/gcc-arm-none-eabi-4_9-2015q3/bin/../lib/gcc/arm-none-eabi/4.9.3/../../../../arm-none-eabi/lib/armv7e-m/crt0.o
[...]
Memory Configuration

Name             Origin             Length             Attributes
m_interrupts     0x00000000         0x00000198         xr
m_text           0x00000410         0x000ffbf0         xr
m_data_1FFF0000  0x1fff0000         0x00010000         rw
m_data           0x20000000         0x00030000         rw
m_cfmprotrom     0x00000400         0x00000010         xr
*default*        0x00000000         0xffffffff

Linker script and memory map

LOAD /usr/local/gcc-arm-none-eabi-4_9-2015q3/bin/../lib/gcc/arm-none-eabi/4.9.3/armv7e-m/crti.o
LOAD /usr/local/gcc-arm-none-eabi-4_9-2015q3/bin/../lib/gcc/arm-none-eabi/4.9.3/armv7e-m/crtbegin.o
LOAD /usr/local/gcc-arm-none-eabi-4_9-2015q3/bin/../lib/gcc/arm-none-eabi/4.9.3/../../../../arm-none-eabi/lib/armv7e-m/crt0.o
LOAD ./Static_Code/System/CPU_Init.o
LOAD ./Static_Code/System/Peripherals_Init.o
LOAD ./Static_Code/System/Vectors.o
LOAD ./Static_Code/Peripherals/ADC0_Init.o
LOAD ./Static_Code/Peripherals/ADC1_Init.o
LOAD ./Static_Code/Peripherals/AIPS0_Init.o
LOAD ./Static_Code/Peripherals/AIPS1_Init.o
LOAD ./Static_Code/Peripherals/AXBS_Init.o
LOAD ./Static_Code/Peripherals/CAN0_Init.o
LOAD ./Static_Code/Peripherals/CMP0_Init.o
LOAD ./Static_Code/Peripherals/CMP1_Init.o
LOAD ./Static_Code/Peripherals/CMP2_Init.o
LOAD ./Static_Code/Peripherals/CMT_Init.o
LOAD ./Static_Code/Peripherals/CRC_Init.o
LOAD ./Static_Code/Peripherals/DAC0_Init.o
LOAD ./Static_Code/Peripherals/DAC1_Init.o
LOAD ./Static_Code/Peripherals/DMAMUX_Init.o
LOAD ./Static_Code/Peripherals/DMA_Init.o
LOAD ./Static_Code/Peripherals/ENET_Init.o
LOAD ./Static_Code/Peripherals/EWM_Init.o
LOAD ./Static_Code/Peripherals/FB_Init.o
LOAD ./Static_Code/Peripherals/FMC_Init.o
LOAD ./Static_Code/Peripherals/FTFE_Init.o
LOAD ./Static_Code/Peripherals/FTM0_Init.o
LOAD ./Static_Code/Peripherals/FTM1_Init.o
LOAD ./Static_Code/Peripherals/FTM2_Init.o
LOAD ./Static_Code/Peripherals/FTM3_Init.o
LOAD ./Static_Code/Peripherals/I2C0_Init.o
LOAD ./Static_Code/Peripherals/I2C1_Init.o
LOAD ./Static_Code/Peripherals/I2C2_Init.o
LOAD ./Static_Code/Peripherals/I2S0_Init.o
LOAD ./Static_Code/Peripherals/LLWU_Init.o
LOAD ./Static_Code/Peripherals/LPTMR0_Init.o
LOAD ./Static_Code/Peripherals/MCM_Init.o
LOAD ./Static_Code/Peripherals/MPU_Init.o
LOAD ./Static_Code/Peripherals/NVIC_Init.o
LOAD ./Static_Code/Peripherals/PDB0_Init.o
LOAD ./Static_Code/Peripherals/PIT_Init.o
LOAD ./Static_Code/Peripherals/PMC_Init.o
LOAD ./Static_Code/Peripherals/PORTA_Init.o
LOAD ./Static_Code/Peripherals/PORTB_Init.o
LOAD ./Static_Code/Peripherals/PORTC_Init.o
LOAD ./Static_Code/Peripherals/PORTD_Init.o
LOAD ./Static_Code/Peripherals/PORTE_Init.o
LOAD ./Static_Code/Peripherals/PTA_Init.o
LOAD ./Static_Code/Peripherals/PTB_Init.o
LOAD ./Static_Code/Peripherals/PTC_Init.o
LOAD ./Static_Code/Peripherals/PTD_Init.o
LOAD ./Static_Code/Peripherals/PTE_Init.o
LOAD ./Static_Code/Peripherals/RCM_Init.o
LOAD ./Static_Code/Peripherals/RNG_Init.o
LOAD ./Static_Code/Peripherals/RTC_Init.o
LOAD ./Static_Code/Peripherals/SDHC_Init.o
LOAD ./Static_Code/Peripherals/SIM_Init.o
LOAD ./Static_Code/Peripherals/SMC_Init.o
LOAD ./Static_Code/Peripherals/SPI0_Init.o
LOAD ./Static_Code/Peripherals/SPI1_Init.o
LOAD ./Static_Code/Peripherals/SPI2_Init.o
LOAD ./Static_Code/Peripherals/SysTick_Init.o
LOAD ./Static_Code/Peripherals/SystemControl_Init.o
LOAD ./Static_Code/Peripherals/UART0_Init.o
LOAD ./Static_Code/Peripherals/UART1_Init.o
LOAD ./Static_Code/Peripherals/UART2_Init.o
LOAD ./Static_Code/Peripherals/UART3_Init.o
LOAD ./Static_Code/Peripherals/UART4_Init.o
LOAD ./Static_Code/Peripherals/UART5_Init.o
LOAD ./Static_Code/Peripherals/USB0_Init.o
LOAD ./Static_Code/Peripherals/USBDCD_Init.o
LOAD ./Static_Code/Peripherals/VREF_Init.o
LOAD ./Static_Code/Peripherals/WDOG_Init.o
LOAD ./Sources/DataLogger.o
LOAD ./Sources/Events.o
LOAD ./Sources/main.o
LOAD ./Project_Settings/Startup_Code/startup.o
LOAD ./Generated_Code/AD1.o
LOAD ./Generated_Code/AdcLdd1.o
LOAD ./Generated_Code/BitIoLdd1.o
LOAD ./Generated_Code/BitIoLdd2.o
LOAD ./Generated_Code/BitIoLdd4.o
LOAD ./Generated_Code/CD1.o
LOAD ./Generated_Code/CS1.o
LOAD ./Generated_Code/Cpu.o
LOAD ./Generated_Code/DBCLK.o
LOAD ./Generated_Code/EInt1.o
LOAD ./Generated_Code/ExtIntLdd1.o
LOAD ./Generated_Code/FAT1.o
LOAD ./Generated_Code/Inhr1.o
LOAD ./Generated_Code/LEDB.o
LOAD ./Generated_Code/LEDG.o
LOAD ./Generated_Code/LEDPWM.o
LOAD ./Generated_Code/LEDR.o
LOAD ./Generated_Code/LEDpin1.o
LOAD ./Generated_Code/LEDpin2.o
LOAD ./Generated_Code/LEDpin4.o
LOAD ./Generated_Code/PE_LDD.o
LOAD ./Generated_Code/PwmLdd1.o
LOAD ./Generated_Code/RUNTI.o
LOAD ./Generated_Code/SD1.o
LOAD ./Generated_Code/SM1.o
LOAD ./Generated_Code/SS1.o
LOAD ./Generated_Code/TI1.o
LOAD ./Generated_Code/TMOUT1.o
LOAD ./Generated_Code/TU1.o
LOAD ./Generated_Code/TU2.o
LOAD ./Generated_Code/TU3.o
LOAD ./Generated_Code/TU4.o
LOAD ./Generated_Code/TimerIntLdd1.o
LOAD ./Generated_Code/TimerIntLdd2.o
LOAD ./Generated_Code/TimerIntLdd3.o
LOAD ./Generated_Code/TmDt1.o
LOAD ./Generated_Code/UTIL1.o
LOAD ./Generated_Code/WAIT1.o
LOAD ./Generated_Code/WAIT2.o
LOAD ./Generated_Code/ff.o
LOAD /usr/local/gcc-arm-none-eabi-4_9-2015q3/bin/../lib/gcc/arm-none-eabi/4.9.3/../../../../arm-none-eabi/lib/armv7e-m/libstdc++.a
LOAD /usr/local/gcc-arm-none-eabi-4_9-2015q3/bin/../lib/gcc/arm-none-eabi/4.9.3/../../../../arm-none-eabi/lib/armv7e-m/libm.a
START GROUP
LOAD /usr/local/gcc-arm-none-eabi-4_9-2015q3/bin/../lib/gcc/arm-none-eabi/4.9.3/armv7e-m/libgcc.a
LOAD /usr/local/gcc-arm-none-eabi-4_9-2015q3/bin/../lib/gcc/arm-none-eabi/4.9.3/../../../../arm-none-eabi/lib/armv7e-m/libg.a
LOAD /usr/local/gcc-arm-none-eabi-4_9-2015q3/bin/../lib/gcc/arm-none-eabi/4.9.3/../../../../arm-none-eabi/lib/armv7e-m/libc.a
END GROUP
LOAD /usr/local/gcc-arm-none-eabi-4_9-2015q3/bin/../lib/gcc/arm-none-eabi/4.9.3/armv7e-m/crtend.o
LOAD /usr/local/gcc-arm-none-eabi-4_9-2015q3/bin/../lib/gcc/arm-none-eabi/4.9.3/armv7e-m/crtn.o
                0x20030000                _estack = 0x20030000
                0x20030000                __SP_INIT = _estack
                0x00000000                __heap_size = 0x0
                0x00000400                __stack_size = 0x400

.interrupts     0x00000000      0x198
                0x00000000                __vector_table = .
                0x00000000                . = ALIGN (0x4)
 *(.vectortable)
 .vectortable   0x00000000      0x198 ./Static_Code/System/Vectors.o
                0x00000000                __vect_table
                0x00000198                . = ALIGN (0x4)

.cfmprotect     0x00000400       0x10
                0x00000400                . = ALIGN (0x4)
 *(.cfmconfig)
 .cfmconfig     0x00000400       0x10 ./Static_Code/System/CPU_Init.o
                0x00000400                _cfm
                0x00000410                . = ALIGN (0x4)

.text           0x00000410     0x67a8
                0x00000410                . = ALIGN (0x4)
 *(.text)
 .text          0x00000410       0x5c /usr/local/gcc-arm-none-eabi-4_9-2015q3/bin/../lib/gcc/arm-none-eabi/4.9.3/armv7e-m/crtbegin.o
 *(.text*)
 .text.CPU_SetBASEPRI
                0x0000046c       0x18 ./Static_Code/System/CPU_Init.o
                0x0000046c                CPU_SetBASEPRI
 .text.__init_hardware
                0x00000484       0x84 ./Static_Code/System/CPU_Init.o
                0x00000484                __init_hardware
 .text.PE_low_level_init
                0x00000508       0x50 ./Static_Code/System/CPU_Init.o
                0x00000508                PE_low_level_init
 .text.CPU_GetClockGenMode
                0x00000558       0x90 ./Static_Code/System/CPU_Init.o
                0x00000558                CPU_GetClockGenMode
 .text.CPU_SetClockConfigGenMode
                0x000005e8      0x5a8 ./Static_Code/System/CPU_Init.o
                0x000005e8                CPU_SetClockConfigGenMode
 .text.UnhandledInterrupt
                0x00000b90       0x18 ./Static_Code/System/Vectors.o
                0x00000b90                UnhandledInterrupt
 .text.DataLoggerError
                0x00000ba8        0x8 ./Sources/DataLogger.o
                0x00000ba8                DataLoggerError
 .text.LogToDataFile
                0x00000bb0       0xf4 ./Sources/DataLogger.o
                0x00000bb0                LogToDataFile
 .text.DataFileContentArray
                0x00000ca4      0x140 ./Sources/DataLogger.o
                0x00000ca4                DataFileContentArray
 .text.stringToIntConverter
                0x00000de4       0xe0 ./Sources/DataLogger.o
                0x00000de4                stringToIntConverter
 .text.Cpu_OnNMI
                0x00000ec4        0xc ./Sources/Events.o
                0x00000ec4                Cpu_OnNMI
 .text.SM1_OnBlockSent
                0x00000ed0       0x14 ./Sources/Events.o
                0x00000ed0                SM1_OnBlockSent
 .text.TI1_OnInterrupt
                0x00000ee4        0xc ./Sources/Events.o
                0x00000ee4                TI1_OnInterrupt
 .text.Inhr1_OnEnd
                0x00000ef0        0xc ./Sources/Events.o
                0x00000ef0                Inhr1_OnEnd
 .text.EInt1_OnInterrupt
                0x00000efc       0x8c ./Sources/Events.o
                0x00000efc                EInt1_OnInterrupt
 .text.AD1_OnEnd
                0x00000f88        0xc ./Sources/Events.o
                0x00000f88                AD1_OnEnd
 .text.AD1_OnCalibrationEnd
                0x00000f94        0xc ./Sources/Events.o
                0x00000f94                AD1_OnCalibrationEnd
 .text.DBCLK_OnInterrupt
                0x00000fa0       0x90 ./Sources/Events.o
                0x00000fa0                DBCLK_OnInterrupt
 .text.RUNTI_OnInterrupt
                0x00001030       0x1c ./Sources/Events.o
                0x00001030                RUNTI_OnInterrupt
 .text.Application_Init
                0x0000104c       0x50 ./Sources/main.o
                0x0000104c                Application_Init
 .text.main     0x0000109c      0x130 ./Sources/main.o
                0x0000109c                main
 .text.__flush_cache
                0x000011cc       0x14 ./Project_Settings/Startup_Code/startup.o
                0x000011cc                __flush_cache
 .text.__copy_rom_section
                0x000011e0       0xe4 ./Project_Settings/Startup_Code/startup.o
                0x000011e0                __copy_rom_section
 .text.__copy_rom_sections_to_ram
                0x000012c4       0xc4 ./Project_Settings/Startup_Code/startup.o
                0x000012c4                __copy_rom_sections_to_ram
 .text.zero_fill_bss
                0x00001388       0xb4 ./Project_Settings/Startup_Code/startup.o
 .text.__init_registers
                0x0000143c        0xc ./Project_Settings/Startup_Code/startup.o
                0x0000143c                __init_registers
 .text.__init_user
                0x00001448        0xc ./Project_Settings/Startup_Code/startup.o
                0x00001448                __init_user
 .text.__thumb_startup
                0x00001454       0x48 ./Project_Settings/Startup_Code/startup.o
                0x00001454                __thumb_startup
 .text.AD1_HWEnDi
                0x0000149c       0x44 ./Generated_Code/AD1.o
                0x0000149c                AD1_HWEnDi
 .text.AD1_Measure
                0x000014e0       0x44 ./Generated_Code/AD1.o
                0x000014e0                AD1_Measure
 .text.AD1_GetValue16
                0x00001524       0x38 ./Generated_Code/AD1.o
                0x00001524                AD1_GetValue16
 .text.AdcLdd1_OnMeasurementComplete
                0x0000155c       0x5c ./Generated_Code/AD1.o
                0x0000155c                AdcLdd1_OnMeasurementComplete
 .text.AD1_Init
                0x000015b8       0x2c ./Generated_Code/AD1.o
                0x000015b8                AD1_Init
 .text.AdcLdd1_Init
                0x000015e4       0xec ./Generated_Code/AdcLdd1.o
                0x000015e4                AdcLdd1_Init
 .text.AdcLdd1_StartSingleMeasurement
                0x000016d0       0x4c ./Generated_Code/AdcLdd1.o
                0x000016d0                AdcLdd1_StartSingleMeasurement
 .text.AdcLdd1_CreateSampleGroup
                0x0000171c       0x64 ./Generated_Code/AdcLdd1.o
                0x0000171c                AdcLdd1_CreateSampleGroup
 .text.AdcLdd1_GetMeasuredValues
                0x00001780       0x4c ./Generated_Code/AdcLdd1.o
                0x00001780                AdcLdd1_GetMeasuredValues
 .text.AdcLdd1_GetCalibrationResultStatus
                0x000017cc       0xbc ./Generated_Code/AdcLdd1.o
                0x000017cc                AdcLdd1_GetCalibrationResultStatus
 .text.AdcLdd1_MeasurementCompleteInterrupt
                0x00001888       0x3c ./Generated_Code/AdcLdd1.o
                0x00001888                AdcLdd1_MeasurementCompleteInterrupt
 .text.BitIoLdd1_Init
                0x000018c4       0x80 ./Generated_Code/BitIoLdd1.o
                0x000018c4                BitIoLdd1_Init
 .text.BitIoLdd1_SetVal
                0x00001944       0x20 ./Generated_Code/BitIoLdd1.o
                0x00001944                BitIoLdd1_SetVal
 .text.BitIoLdd1_NegVal
                0x00001964       0x20 ./Generated_Code/BitIoLdd1.o
                0x00001964                BitIoLdd1_NegVal
 .text.BitIoLdd2_Init
                0x00001984       0x80 ./Generated_Code/BitIoLdd2.o
                0x00001984                BitIoLdd2_Init
 .text.BitIoLdd2_SetVal
                0x00001a04       0x20 ./Generated_Code/BitIoLdd2.o
                0x00001a04                BitIoLdd2_SetVal
 .text.BitIoLdd2_NegVal
                0x00001a24       0x20 ./Generated_Code/BitIoLdd2.o
                0x00001a24                BitIoLdd2_NegVal
 .text.BitIoLdd4_Init
                0x00001a44       0x80 ./Generated_Code/BitIoLdd4.o
                0x00001a44                BitIoLdd4_Init
 .text.BitIoLdd4_SetVal
                0x00001ac4       0x20 ./Generated_Code/BitIoLdd4.o
                0x00001ac4                BitIoLdd4_SetVal
 .text.CD1_Init
                0x00001ae4       0x74 ./Generated_Code/CD1.o
                0x00001ae4                CD1_Init
 .text.Components_Init
                0x00001b58       0x7c ./Generated_Code/Cpu.o
                0x00001b58                Components_Init
 .text.Cpu_INT_NMIInterrupt
                0x00001bd4       0x1c ./Generated_Code/Cpu.o
                0x00001bd4                Cpu_INT_NMIInterrupt
 .text.TimerIntLdd2_OnInterrupt
                0x00001bf0       0x14 ./Generated_Code/DBCLK.o
                0x00001bf0                TimerIntLdd2_OnInterrupt
 .text.ExtIntLdd1_OnInterrupt
                0x00001c04       0x14 ./Generated_Code/EInt1.o
                0x00001c04                ExtIntLdd1_OnInterrupt
 .text.ExtIntLdd1_Init
                0x00001c18       0xa0 ./Generated_Code/ExtIntLdd1.o
                0x00001c18                ExtIntLdd1_Init
 .text.ExtIntLdd1_Interrupt
                0x00001cb8       0x40 ./Generated_Code/ExtIntLdd1.o
                0x00001cb8                ExtIntLdd1_Interrupt
 .text.disk_initialize
                0x00001cf8       0x28 ./Generated_Code/FAT1.o
                0x00001cf8                disk_initialize
 .text.disk_status
                0x00001d20       0x28 ./Generated_Code/FAT1.o
                0x00001d20                disk_status
 .text.disk_read
                0x00001d48       0x34 ./Generated_Code/FAT1.o
                0x00001d48                disk_read
 .text.disk_write
                0x00001d7c       0x34 ./Generated_Code/FAT1.o
                0x00001d7c                disk_write
 .text.disk_ioctl
                0x00001db0       0x34 ./Generated_Code/FAT1.o
                0x00001db0                disk_ioctl
 .text.FAT1_Init
                0x00001de4       0x24 ./Generated_Code/FAT1.o
                0x00001de4                FAT1_Init
 .text.FAT1_get_fattime
                0x00001e08       0x60 ./Generated_Code/FAT1.o
                0x00001e08                FAT1_get_fattime
 .text.PwmLdd1_OnEnd
                0x00001e68       0x14 ./Generated_Code/Inhr1.o
                0x00001e68                PwmLdd1_OnEnd
 .text.LEDPWM_SetRatio16
                0x00001e7c       0x30 ./Generated_Code/LEDPWM.o
                0x00001e7c                LEDPWM_SetRatio16
 .text.PwmLdd1_Init
                0x00001eac       0x58 ./Generated_Code/PwmLdd1.o
                0x00001eac                PwmLdd1_Init
 .text.PwmLdd1_SetRatio8
                0x00001f04       0x2c ./Generated_Code/PwmLdd1.o
                0x00001f04                PwmLdd1_SetRatio8
 .text.PwmLdd1_SetRatio16
                0x00001f30       0x28 ./Generated_Code/PwmLdd1.o
                0x00001f30                PwmLdd1_SetRatio16
 .text.TU2_OnCounterRestart
                0x00001f58       0x24 ./Generated_Code/PwmLdd1.o
                0x00001f58                TU2_OnCounterRestart
 .text.SetRatio
                0x00001f7c       0x54 ./Generated_Code/PwmLdd1.o
 .text.TimerIntLdd3_OnInterrupt
                0x00001fd0       0x14 ./Generated_Code/RUNTI.o
                0x00001fd0                TimerIntLdd3_OnInterrupt
 .text.SD1_disk_initialize
                0x00001fe4      0x154 ./Generated_Code/SD1.o
                0x00001fe4                SD1_disk_initialize
 .text.SD1_disk_status
                0x00002138       0x20 ./Generated_Code/SD1.o
                0x00002138                SD1_disk_status
 .text.SD1_disk_read
                0x00002158       0xc0 ./Generated_Code/SD1.o
                0x00002158                SD1_disk_read
 .text.SD1_disk_write
                0x00002218       0xf8 ./Generated_Code/SD1.o
                0x00002218                SD1_disk_write
 .text.chk_power
                0x00002310       0x10 ./Generated_Code/SD1.o
 .text.power_off
                0x00002320        0xc ./Generated_Code/SD1.o
 .text.power_on
                0x0000232c        0xc ./Generated_Code/SD1.o
 .text.SD1_disk_ioctl
                0x00002338      0x3f8 ./Generated_Code/SD1.o
                0x00002338                SD1_disk_ioctl
 .text.SD1_SPI_WRITE
                0x00002730       0x4c ./Generated_Code/SD1.o
                0x00002730                SD1_SPI_WRITE
 .text.SD1_SPI_WRITE_READ
                0x0000277c       0x4c ./Generated_Code/SD1.o
 .text.SD1_Activate
                0x000027c8       0x18 ./Generated_Code/SD1.o
                0x000027c8                SD1_Activate
 .text.SD1_Deactivate
                0x000027e0       0x14 ./Generated_Code/SD1.o
                0x000027e0                SD1_Deactivate
 .text.SD1_WaitReady
                0x000027f4       0x60 ./Generated_Code/SD1.o
                0x000027f4                SD1_WaitReady
 .text.SD1_ReceiveDataBlock
                0x00002854       0xb8 ./Generated_Code/SD1.o
                0x00002854                SD1_ReceiveDataBlock
 .text.SD1_SendDataBlock
                0x0000290c       0x8c ./Generated_Code/SD1.o
                0x0000290c                SD1_SendDataBlock
 .text.SD1_SendCmd
                0x00002998      0x100 ./Generated_Code/SD1.o
                0x00002998                SD1_SendCmd
 .text.SendCommand
                0x00002a98       0x88 ./Generated_Code/SD1.o
 .text.SD1_Init
                0x00002b20       0xc4 ./Generated_Code/SD1.o
                0x00002b20                SD1_Init
 .text.SD1_ReceiveByte
                0x00002be4       0x24 ./Generated_Code/SD1.o
                0x00002be4                SD1_ReceiveByte
 .text.SD1_SetSlowMode
                0x00002c08       0x24 ./Generated_Code/SD1.o
                0x00002c08                SD1_SetSlowMode
 .text.SD1_SetFastMode
                0x00002c2c       0x24 ./Generated_Code/SD1.o
                0x00002c2c                SD1_SetFastMode
 .text.SD1_InitCommChannel
                0x00002c50       0x1c ./Generated_Code/SD1.o
                0x00002c50                SD1_InitCommChannel
 .text.SM1_OnBlockReceived
                0x00002c6c       0x1c ./Generated_Code/SD1.o
                0x00002c6c                SM1_OnBlockReceived
 .text.SM1_Init
                0x00002c88      0x138 ./Generated_Code/SM1.o
                0x00002c88                SM1_Init
 .text.SM1_ReceiveBlock
                0x00002dc0       0x80 ./Generated_Code/SM1.o
                0x00002dc0                SM1_ReceiveBlock
 .text.SM1_SendBlock
                0x00002e40       0x90 ./Generated_Code/SM1.o
                0x00002e40                SM1_SendBlock
 .text.SM1_SelectConfiguration
                0x00002ed0       0x88 ./Generated_Code/SM1.o
                0x00002ed0                SM1_SelectConfiguration
 .text.SM1_Interrupt
                0x00002f58      0x10c ./Generated_Code/SM1.o
                0x00002f58                SM1_Interrupt
 .text.SS1_Init
                0x00003064       0x80 ./Generated_Code/SS1.o
                0x00003064                SS1_Init
 .text.SS1_ClrVal
                0x000030e4       0x1c ./Generated_Code/SS1.o
                0x000030e4                SS1_ClrVal
 .text.SS1_SetVal
                0x00003100       0x1c ./Generated_Code/SS1.o
                0x00003100                SS1_SetVal
 .text.TimerIntLdd1_OnInterrupt
                0x0000311c       0x14 ./Generated_Code/TI1.o
                0x0000311c                TimerIntLdd1_OnInterrupt
 .text.TMOUT1_GetCounter
                0x00003130       0x78 ./Generated_Code/TMOUT1.o
                0x00003130                TMOUT1_GetCounter
 .text.TMOUT1_LeaveCounter
                0x000031a8       0x44 ./Generated_Code/TMOUT1.o
                0x000031a8                TMOUT1_LeaveCounter
 .text.TMOUT1_CounterExpired
                0x000031ec       0x4c ./Generated_Code/TMOUT1.o
                0x000031ec                TMOUT1_CounterExpired
 .text.TMOUT1_Init
                0x00003238       0x3c ./Generated_Code/TMOUT1.o
                0x00003238                TMOUT1_Init
 .text.TU1_Init
                0x00003274      0x100 ./Generated_Code/TU1.o
                0x00003274                TU1_Init
 .text.TU1_Interrupt
                0x00003374       0x6c ./Generated_Code/TU1.o
                0x00003374                TU1_Interrupt
 .text.TU2_Init
                0x000033e0      0x13c ./Generated_Code/TU2.o
                0x000033e0                TU2_Init
 .text.TU2_GetPeriodTicks
                0x0000351c       0x30 ./Generated_Code/TU2.o
                0x0000351c                TU2_GetPeriodTicks
 .text.TU2_SetOffsetTicks
                0x0000354c       0x44 ./Generated_Code/TU2.o
                0x0000354c                TU2_SetOffsetTicks
 .text.TU2_Interrupt
                0x00003590       0x6c ./Generated_Code/TU2.o
                0x00003590                TU2_Interrupt
 .text.TU3_Init
                0x000035fc       0xd4 ./Generated_Code/TU3.o
                0x000035fc                TU3_Init
 .text.TU3_Interrupt
                0x000036d0       0x6c ./Generated_Code/TU3.o
                0x000036d0                TU3_Interrupt
 .text.TU4_Init
                0x0000373c       0xd4 ./Generated_Code/TU4.o
                0x0000373c                TU4_Init
 .text.TU4_Interrupt
                0x00003810       0x6c ./Generated_Code/TU4.o
                0x00003810                TU4_Interrupt
 .text.TimerIntLdd1_Init
                0x0000387c       0x50 ./Generated_Code/TimerIntLdd1.o
                0x0000387c                TimerIntLdd1_Init
 .text.TU1_OnCounterRestart
                0x000038cc       0x24 ./Generated_Code/TimerIntLdd1.o
                0x000038cc                TU1_OnCounterRestart
 .text.TimerIntLdd2_Init
                0x000038f0       0x50 ./Generated_Code/TimerIntLdd2.o
                0x000038f0                TimerIntLdd2_Init
 .text.TU3_OnCounterRestart
                0x00003940       0x24 ./Generated_Code/TimerIntLdd2.o
                0x00003940                TU3_OnCounterRestart
 .text.TimerIntLdd3_Init
                0x00003964       0x50 ./Generated_Code/TimerIntLdd3.o
                0x00003964                TimerIntLdd3_Init
 .text.TU4_OnCounterRestart
                0x000039b4       0x24 ./Generated_Code/TimerIntLdd3.o
                0x000039b4                TU4_OnCounterRestart
 .text.TmDt1_SetTime
                0x000039d8       0x7c ./Generated_Code/TmDt1.o
                0x000039d8                TmDt1_SetTime
 .text.TmDt1_AddTick
                0x00003a54       0xf0 ./Generated_Code/TmDt1.o
                0x00003a54                TmDt1_AddTick
 .text.TmDt1_GetTime
                0x00003b44       0x38 ./Generated_Code/TmDt1.o
                0x00003b44                TmDt1_GetTime
 .text.TmDt1_SetDate
                0x00003b7c       0xac ./Generated_Code/TmDt1.o
                0x00003b7c                TmDt1_SetDate
 .text.TmDt1_GetDate
                0x00003c28       0x48 ./Generated_Code/TmDt1.o
                0x00003c28                TmDt1_GetDate
 .text.TmDt1_Init
                0x00003c70       0x20 ./Generated_Code/TmDt1.o
                0x00003c70                TmDt1_Init
 .text.TmDt1_TicksToTime
                0x00003c90       0xb8 ./Generated_Code/TmDt1.o
                0x00003c90                TmDt1_TicksToTime
 .text.TmDt1_TimeToTicks
                0x00003d48       0x54 ./Generated_Code/TmDt1.o
                0x00003d48                TmDt1_TimeToTicks
 .text.UTIL1_strcpy
                0x00003d9c       0x48 ./Generated_Code/UTIL1.o
                0x00003d9c                UTIL1_strcpy
 .text.UTIL1_strcat
                0x00003de4       0x64 ./Generated_Code/UTIL1.o
                0x00003de4                UTIL1_strcat
 .text.UTIL1_Num16sToStr
                0x00003e48      0x148 ./Generated_Code/UTIL1.o
                0x00003e48                UTIL1_Num16sToStr
 .text.UTIL1_strcatNum16s
                0x00003f90       0x34 ./Generated_Code/UTIL1.o
                0x00003f90                UTIL1_strcatNum16s
 .text.WAIT1_Wait10Cycles
                0x00003fc4        0x8 ./Generated_Code/WAIT1.o
                0x00003fc4                WAIT1_Wait10Cycles
 .text.WAIT1_Wait100Cycles
                0x00003fcc       0x18 ./Generated_Code/WAIT1.o
                0x00003fcc                WAIT1_Wait100Cycles
 .text.WAIT1_WaitCycles
                0x00003fe4       0x34 ./Generated_Code/WAIT1.o
                0x00003fe4                WAIT1_WaitCycles
 .text.WAIT1_WaitLongCycles
                0x00004018       0x38 ./Generated_Code/WAIT1.o
                0x00004018                WAIT1_WaitLongCycles
 .text.WAIT1_Waitms
                0x00004050       0x2c ./Generated_Code/WAIT1.o
                0x00004050                WAIT1_Waitms
 .text.mem_cpy  0x0000407c       0x3c ./Generated_Code/ff.o
 .text.mem_set  0x000040b8       0x34 ./Generated_Code/ff.o
 .text.mem_cmp  0x000040ec       0x50 ./Generated_Code/ff.o
 .text.chk_chr  0x0000413c       0x38 ./Generated_Code/ff.o
 .text.sync_window
                0x00004174       0x8c ./Generated_Code/ff.o
 .text.move_window
                0x00004200       0x5c ./Generated_Code/ff.o
 .text.sync_fs  0x0000425c      0x14c ./Generated_Code/ff.o
 .text.clust2sect
                0x000043a8       0x40 ./Generated_Code/ff.o
                0x000043a8                clust2sect
 .text.get_fat  0x000043e8      0x16c ./Generated_Code/ff.o
                0x000043e8                get_fat
 .text.put_fat  0x00004554      0x208 ./Generated_Code/ff.o
                0x00004554                put_fat
 .text.remove_chain
                0x0000475c       0xa4 ./Generated_Code/ff.o
 .text.create_chain
                0x00004800      0x12c ./Generated_Code/ff.o
 .text.clmt_clust
                0x0000492c       0x68 ./Generated_Code/ff.o
 .text.dir_sdi  0x00004994      0x100 ./Generated_Code/ff.o
 .text.dir_next
                0x00004a94      0x1a8 ./Generated_Code/ff.o
 .text.dir_alloc
                0x00004c3c       0x8c ./Generated_Code/ff.o
 .text.ld_clust
                0x00004cc8       0x5c ./Generated_Code/ff.o
 .text.st_clust
                0x00004d24       0x4c ./Generated_Code/ff.o
 .text.dir_find
                0x00004d70       0x94 ./Generated_Code/ff.o
 .text.dir_register
                0x00004e04       0x68 ./Generated_Code/ff.o
 .text.create_name
                0x00004e6c      0x1f0 ./Generated_Code/ff.o
 .text.follow_path
                0x0000505c      0x108 ./Generated_Code/ff.o
 .text.get_ldnumber
                0x00005164       0x90 ./Generated_Code/ff.o
 .text.check_fs
                0x000051f4       0xc4 ./Generated_Code/ff.o
 .text.find_volume
                0x000052b8      0x56c ./Generated_Code/ff.o
 .text.validate
                0x00005824       0x5c ./Generated_Code/ff.o
 .text.f_mount  0x00005880       0x88 ./Generated_Code/ff.o
                0x00005880                f_mount
 .text.f_open   0x00005908      0x28c ./Generated_Code/ff.o
                0x00005908                f_open
 .text.f_read   0x00005b94      0x290 ./Generated_Code/ff.o
                0x00005b94                f_read
 .text.f_write  0x00005e24      0x2f4 ./Generated_Code/ff.o
                0x00005e24                f_write
 .text.f_sync   0x00006118      0x158 ./Generated_Code/ff.o
                0x00006118                f_sync
 .text.f_close  0x00006270       0x38 ./Generated_Code/ff.o
                0x00006270                f_close
 .text.f_lseek  0x000062a8      0x434 ./Generated_Code/ff.o
                0x000062a8                f_lseek
 .text.f_truncate
                0x000066dc      0x150 ./Generated_Code/ff.o
                0x000066dc                f_truncate
 .text.strlen   0x0000682c       0x5c /usr/local/gcc-arm-none-eabi-4_9-2015q3/bin/../lib/gcc/arm-none-eabi/4.9.3/../../../../arm-none-eabi/lib/armv7e-m/libg.a(lib_a-strlen.o)
                0x0000682c                strlen
 .text.startup.register_fini
                0x00006888       0x14 /usr/local/gcc-arm-none-eabi-4_9-2015q3/bin/../lib/gcc/arm-none-eabi/4.9.3/../../../../arm-none-eabi/lib/armv7e-m/libg.a(lib_a-__call_atexit.o)
 .text.atexit   0x0000689c        0xc /usr/local/gcc-arm-none-eabi-4_9-2015q3/bin/../lib/gcc/arm-none-eabi/4.9.3/../../../../arm-none-eabi/lib/armv7e-m/libg.a(lib_a-atexit.o)
                0x0000689c                atexit
 .text.__libc_fini_array
                0x000068a8       0x2c /usr/local/gcc-arm-none-eabi-4_9-2015q3/bin/../lib/gcc/arm-none-eabi/4.9.3/../../../../arm-none-eabi/lib/armv7e-m/libg.a(lib_a-fini.o)
                0x000068a8                __libc_fini_array
 .text.__register_exitproc
                0x000068d4       0xa4 /usr/local/gcc-arm-none-eabi-4_9-2015q3/bin/../lib/gcc/arm-none-eabi/4.9.3/../../../../arm-none-eabi/lib/armv7e-m/libg.a(lib_a-__atexit.o)
                0x000068d4                __register_exitproc
 *(.rodata)
 .rodata        0x00006978       0x1b ./Sources/DataLogger.o
 *fill*         0x00006993        0x1 
 .rodata        0x00006994        0x2 ./Sources/main.o
 *fill*         0x00006996        0x2 
 .rodata        0x00006998       0x15 ./Generated_Code/UTIL1.o
 *fill*         0x000069ad        0x3 
 .rodata        0x000069b0       0x44 ./Generated_Code/ff.o
 *(.rodata*)
 .rodata.ClockGenModeMatrix
                0x000069f4       0x80 ./Static_Code/System/CPU_Init.o
 .rodata.CPU_ClockConfigDescriptors
                0x00006a74       0x1c ./Static_Code/System/CPU_Init.o
 .rodata.CPU_DefaultFEI
                0x00006a90        0x7 ./Static_Code/System/CPU_Init.o
 *fill*         0x00006a97        0x1 
 .rodata.CPU_DefaultFBI
                0x00006a98        0x7 ./Static_Code/System/CPU_Init.o
 *fill*         0x00006a9f        0x1 
 .rodata.CPU_DefaultBLPI
                0x00006aa0        0x7 ./Static_Code/System/CPU_Init.o
 *fill*         0x00006aa7        0x1 
 .rodata.CPU_DefaultFEE
                0x00006aa8        0x7 ./Static_Code/System/CPU_Init.o
 *fill*         0x00006aaf        0x1 
 .rodata.CPU_DefaultFBE
                0x00006ab0        0x7 ./Static_Code/System/CPU_Init.o
 *fill*         0x00006ab7        0x1 
 .rodata.CPU_DefaultBLPE
                0x00006ab8        0x7 ./Static_Code/System/CPU_Init.o
 *fill*         0x00006abf        0x1 
 .rodata.CPU_DefaultPBE
                0x00006ac0        0x7 ./Static_Code/System/CPU_Init.o
 *fill*         0x00006ac7        0x1 
 .rodata.CPU_DefaultPEE
                0x00006ac8        0x7 ./Static_Code/System/CPU_Init.o
 *fill*         0x00006acf        0x1 
 .rodata.CPU_ClockGenModeRegs
                0x00006ad0       0x20 ./Static_Code/System/CPU_Init.o
 .rodata.ConfigurationSet
                0x00006af0        0x8 ./Generated_Code/SM1.o
 .rodata.TxCommandList
                0x00006af8        0x8 ./Generated_Code/SM1.o
 .rodata.ULY    0x00006b00        0xc ./Generated_Code/TmDt1.o
 .rodata.LY     0x00006b0c        0xc ./Generated_Code/TmDt1.o
 .rodata.ExCvt  0x00006b18       0x80 ./Generated_Code/ff.o
 .rodata.str1.4
                0x00006b98        0x4 /usr/local/gcc-arm-none-eabi-4_9-2015q3/bin/../lib/gcc/arm-none-eabi/4.9.3/../../../../arm-none-eabi/lib/armv7e-m/libg.a(lib_a-impure.o)
                                  0x2 (size before relaxing)
 .rodata._global_impure_ptr
                0x00006b9c        0x4 /usr/local/gcc-arm-none-eabi-4_9-2015q3/bin/../lib/gcc/arm-none-eabi/4.9.3/../../../../arm-none-eabi/lib/armv7e-m/libg.a(lib_a-impure.o)
                0x00006b9c                _global_impure_ptr
 *(.glue_7)
 .glue_7        0x00000000        0x0 linker stubs
 *(.glue_7t)
 .glue_7t       0x00000000        0x0 linker stubs
 *(.eh_frame)
 .eh_frame      0x00006ba0        0x0 /usr/local/gcc-arm-none-eabi-4_9-2015q3/bin/../lib/gcc/arm-none-eabi/4.9.3/armv7e-m/crtbegin.o
 *(.init)
 .init          0x00006ba0        0x4 /usr/local/gcc-arm-none-eabi-4_9-2015q3/bin/../lib/gcc/arm-none-eabi/4.9.3/armv7e-m/crti.o
                0x00006ba0                _init
 .init          0x00006ba4        0x8 /usr/local/gcc-arm-none-eabi-4_9-2015q3/bin/../lib/gcc/arm-none-eabi/4.9.3/armv7e-m/crtn.o
 *(.fini)
 .fini          0x00006bac        0x4 /usr/local/gcc-arm-none-eabi-4_9-2015q3/bin/../lib/gcc/arm-none-eabi/4.9.3/armv7e-m/crti.o
                0x00006bac                _fini
 .fini          0x00006bb0        0x8 /usr/local/gcc-arm-none-eabi-4_9-2015q3/bin/../lib/gcc/arm-none-eabi/4.9.3/armv7e-m/crtn.o
                0x00006bb8                . = ALIGN (0x4)
                0x00006bb8                _etext = .

.vfp11_veneer   0x00006bb8        0x0
 .vfp11_veneer  0x00000000        0x0 linker stubs

.v4_bx          0x00006bb8        0x0
 .v4_bx         0x00000000        0x0 linker stubs

.iplt           0x00006bb8        0x0
 .iplt          0x00000000        0x0 /usr/local/gcc-arm-none-eabi-4_9-2015q3/bin/../lib/gcc/arm-none-eabi/4.9.3/armv7e-m/crtbegin.o

.rel.dyn        0x00006bb8        0x0
 .rel.iplt      0x00000000        0x0 /usr/local/gcc-arm-none-eabi-4_9-2015q3/bin/../lib/gcc/arm-none-eabi/4.9.3/armv7e-m/crtbegin.o

.ARM.extab
 *(.ARM.extab* .gnu.linkonce.armextab.*)

.ARM            0x00006bb8        0x0
                0x00006bb8                __exidx_start = .
 *(.ARM.exidx*)
                0x00006bb8                __exidx_end = .

.ctors          0x00006bb8        0x0
                0x00006bb8                __CTOR_LIST__ = .
 *crtbegin.o(.ctors)
 *(EXCLUDE_FILE(*crtend.o) .ctors)
 *(SORT(.ctors.*))
 *(.ctors)
                0x00006bb8                __CTOR_END__ = .

.dtors          0x00006bb8        0x0
                0x00006bb8                __DTOR_LIST__ = .
 *crtbegin.o(.dtors)
 *(EXCLUDE_FILE(*crtend.o) .dtors)
 *(SORT(.dtors.*))
 *(.dtors)
                0x00006bb8                __DTOR_END__ = .

.preinit_array  0x00006bb8        0x0
                0x00006bb8                PROVIDE (__preinit_array_start, .)
 *(.preinit_array*)
                0x00006bb8                PROVIDE (__preinit_array_end, .)

.init_array     0x00006bb8        0x8
                0x00006bb8                PROVIDE (__init_array_start, .)
 *(SORT(.init_array.*))
 .init_array.00000
                0x00006bb8        0x4 /usr/local/gcc-arm-none-eabi-4_9-2015q3/bin/../lib/gcc/arm-none-eabi/4.9.3/../../../../arm-none-eabi/lib/armv7e-m/libg.a(lib_a-__call_atexit.o)
 *(.init_array*)
 .init_array    0x00006bbc        0x4 /usr/local/gcc-arm-none-eabi-4_9-2015q3/bin/../lib/gcc/arm-none-eabi/4.9.3/armv7e-m/crtbegin.o
                0x00006bc0                PROVIDE (__init_array_end, .)

.fini_array     0x00006bc0        0x4
                0x00006bc0                PROVIDE (__fini_array_start, .)
 *(SORT(.fini_array.*))
 *(.fini_array*)
 .fini_array    0x00006bc0        0x4 /usr/local/gcc-arm-none-eabi-4_9-2015q3/bin/../lib/gcc/arm-none-eabi/4.9.3/armv7e-m/crtbegin.o
                0x00006bc4                PROVIDE (__fini_array_end, .)
                0x00006bc4                ___ROM_AT = .

.data           0x20000000      0x438 load address 0x00006bc4
                0x20000000                . = ALIGN (0x4)
                0x20000000                _sdata = .
 *(.data)
 *(.data*)
 .data.doubleClick
                0x20000000        0x4 ./Sources/main.o
                0x20000000                doubleClick
 .data.doubleClickInterruptInit
                0x20000004        0x4 ./Sources/main.o
                0x20000004                doubleClickInterruptInit
 .data.doubleClickTimer
                0x20000008        0x4 ./Sources/main.o
                0x20000008                doubleClickTimer
 .data.Stat     0x2000000c        0x1 ./Generated_Code/SD1.o
 .data.CardType
                0x2000000d        0x1 ./Generated_Code/SD1.o
 *fill*         0x2000000e        0x2 
 .data.impure_data
                0x20000010      0x428 /usr/local/gcc-arm-none-eabi-4_9-2015q3/bin/../lib/gcc/arm-none-eabi/4.9.3/../../../../arm-none-eabi/lib/armv7e-m/libg.a(lib_a-impure.o)
                0x20000438                . = ALIGN (0x4)
                0x20000438                _edata = .
                0x00000438                ___data_size = (_edata - _sdata)
                0x00006ffc                ___m_data_1FFF0000_ROMStart = (___ROM_AT + SIZEOF (.data))

.jcr            0x20000438        0x0 load address 0x00006ffc
 .jcr           0x20000438        0x0 /usr/local/gcc-arm-none-eabi-4_9-2015q3/bin/../lib/gcc/arm-none-eabi/4.9.3/armv7e-m/crtbegin.o

.igot.plt       0x20000438        0x0 load address 0x00006ffc
 .igot.plt      0x00000000        0x0 /usr/local/gcc-arm-none-eabi-4_9-2015q3/bin/../lib/gcc/arm-none-eabi/4.9.3/armv7e-m/crtbegin.o

.m_data_1FFF0000
                0x1fff0000        0x0 load address 0x00006ffc
                0x1fff0000                . = ALIGN (0x4)
                0x1fff0000                ___m_data_1FFF0000_RAMStart = .
 *(.m_data_1FFF0000)
                0x1fff0000                ___m_data_1FFF0000_RAMEnd = .
                0x1fff0000                . = ALIGN (0x4)
                0x00000000                ___m_data_1FFF0000_ROMSize = (___m_data_1FFF0000_RAMEnd - ___m_data_1FFF0000_RAMStart)
                0x1fff0000                . = ALIGN (0x4)

.bss            0x20000438      0x18c load address 0x00006ffc
                0x20000438                __START_BSS = .
                0x20000438                PROVIDE (__bss_start__, __START_BSS)
 *(.bss)
 .bss           0x20000438       0x1c /usr/local/gcc-arm-none-eabi-4_9-2015q3/bin/../lib/gcc/arm-none-eabi/4.9.3/armv7e-m/crtbegin.o
 *(.bss*)
 .bss.SR_lock   0x20000454        0x1 ./Static_Code/System/CPU_Init.o
                0x20000454                SR_lock
 *fill*         0x20000455        0x3 
 .bss.recordOn  0x20000458        0x4 ./Sources/main.o
                0x20000458                recordOn
 .bss.playBackOn
                0x2000045c        0x4 ./Sources/main.o
                0x2000045c                playBackOn
 .bss.removeDataFile
                0x20000460        0x4 ./Sources/main.o
                0x20000460                removeDataFile
 .bss.initailizationComplete
                0x20000464        0x4 ./Sources/main.o
                0x20000464                initailizationComplete
 .bss.argv      0x20000468       0x28 ./Project_Settings/Startup_Code/startup.o
 .bss.ModeFlg   0x20000490        0x1 ./Generated_Code/AD1.o
 *fill*         0x20000491        0x3 
 .bss.SampleGroup
                0x20000494        0x1 ./Generated_Code/AD1.o
 .bss.OutFlg    0x20000495        0x1 ./Generated_Code/AD1.o
 *fill*         0x20000496        0x2 
 .bss.DeviceDataPrv__DEFAULT_RTOS_ALLOC
                0x20000498        0x8 ./Generated_Code/AdcLdd1.o
 .bss.INT_ADC0__DEFAULT_RTOS_ISRPARAM
                0x200004a0        0x4 ./Generated_Code/AdcLdd1.o
 .bss.DeviceDataPrv__DEFAULT_RTOS_ALLOC
                0x200004a4        0x4 ./Generated_Code/BitIoLdd1.o
 .bss.DeviceDataPrv__DEFAULT_RTOS_ALLOC
                0x200004a8        0x4 ./Generated_Code/BitIoLdd2.o
 .bss.DeviceDataPrv__DEFAULT_RTOS_ALLOC
                0x200004ac        0x4 ./Generated_Code/BitIoLdd4.o
 .bss.DeviceDataPrv__DEFAULT_RTOS_ALLOC
                0x200004b0        0x4 ./Generated_Code/CD1.o
 .bss.DeviceDataPrv__DEFAULT_RTOS_ALLOC
                0x200004b4        0x4 ./Generated_Code/ExtIntLdd1.o
 .bss.INT_PORTC__DEFAULT_RTOS_ISRPARAM
                0x200004b8        0x4 ./Generated_Code/ExtIntLdd1.o
 .bss.PE_LDD_DeviceDataList
                0x200004bc       0x40 ./Generated_Code/PE_LDD.o
                0x200004bc                PE_LDD_DeviceDataList
 .bss.DeviceDataPrv__DEFAULT_RTOS_ALLOC
                0x200004fc        0xc ./Generated_Code/PwmLdd1.o
 .bss.speedMode
                0x20000508        0x1 ./Generated_Code/SD1.o
 .bss.SD1_DataReceivedFlag
                0x20000509        0x1 ./Generated_Code/SD1.o
 *fill*         0x2000050a        0x2 
 .bss.DeviceDataPrv__DEFAULT_RTOS_ALLOC
                0x2000050c       0x20 ./Generated_Code/SM1.o
 .bss.INT_SPI1__DEFAULT_RTOS_ISRPARAM
                0x2000052c        0x4 ./Generated_Code/SM1.o
 .bss.DeviceDataPrv__DEFAULT_RTOS_ALLOC
                0x20000530        0x4 ./Generated_Code/SS1.o
 .bss.TMOUT1_Counters
                0x20000534        0x2 ./Generated_Code/TMOUT1.o
 *fill*         0x20000536        0x2 
 .bss.TMOUT1_FreeCounters
                0x20000538        0x1 ./Generated_Code/TMOUT1.o
 *fill*         0x20000539        0x3 
 .bss.DeviceDataPrv__DEFAULT_RTOS_ALLOC
                0x2000053c       0x10 ./Generated_Code/TU1.o
 .bss.INT_FTM0__DEFAULT_RTOS_ISRPARAM
                0x2000054c        0x4 ./Generated_Code/TU1.o
 .bss.DeviceDataPrv__DEFAULT_RTOS_ALLOC
                0x20000550       0x10 ./Generated_Code/TU2.o
 .bss.INT_FTM3__DEFAULT_RTOS_ISRPARAM
                0x20000560        0x4 ./Generated_Code/TU2.o
 .bss.DeviceDataPrv__DEFAULT_RTOS_ALLOC
                0x20000564        0xc ./Generated_Code/TU3.o
 .bss.INT_FTM1__DEFAULT_RTOS_ISRPARAM
                0x20000570        0x4 ./Generated_Code/TU3.o
 .bss.DeviceDataPrv__DEFAULT_RTOS_ALLOC
                0x20000574        0xc ./Generated_Code/TU4.o
 .bss.INT_FTM2__DEFAULT_RTOS_ISRPARAM
                0x20000580        0x4 ./Generated_Code/TU4.o
 .bss.DeviceDataPrv__DEFAULT_RTOS_ALLOC
                0x20000584        0xc ./Generated_Code/TimerIntLdd1.o
 .bss.DeviceDataPrv__DEFAULT_RTOS_ALLOC
                0x20000590        0xc ./Generated_Code/TimerIntLdd2.o
 .bss.DeviceDataPrv__DEFAULT_RTOS_ALLOC
                0x2000059c        0xc ./Generated_Code/TimerIntLdd3.o
 .bss.CntDay    0x200005a8        0x1 ./Generated_Code/TmDt1.o
 .bss.CntMonth  0x200005a9        0x1 ./Generated_Code/TmDt1.o
 .bss.CntYear   0x200005aa        0x2 ./Generated_Code/TmDt1.o
 .bss.tickCntr  0x200005ac        0x4 ./Generated_Code/TmDt1.o
 .bss.FatFs     0x200005b0        0x4 ./Generated_Code/ff.o
 .bss.Fsid      0x200005b4        0x2 ./Generated_Code/ff.o
 *(COMMON)
 COMMON         0x200005b6        0x1 ./Static_Code/System/CPU_Init.o
                0x200005b6                SR_reg
 *fill*         0x200005b7        0x1 
 COMMON         0x200005b8        0x8 ./Generated_Code/AD1.o
                0x200005b8                AD1_OutV
                0x200005bc                AdcLdd1_DeviceDataPtr
 COMMON         0x200005c0        0x2 ./Generated_Code/LEDPWM.o
                0x200005c0                LEDPWM_currPWM
                0x200005c4                . = ALIGN (0x4)
 *fill*         0x200005c2        0x2 
                0x200005c4                __END_BSS = .
                0x200005c4                PROVIDE (__bss_end__, __END_BSS)
                0x00006ffc                _romp_at = ((___ROM_AT + SIZEOF (.data)) + SIZEOF (.m_data_1FFF0000))

.romp           0x200005c4       0x24 load address 0x00006ffc
                0x00006ffc                __S_romp = _romp_at
                0x200005c4        0x4 LONG 0x6bc4 ___ROM_AT
                0x200005c8        0x4 LONG 0x20000000 _sdata
                0x200005cc        0x4 LONG 0x438 ___data_size
                0x200005d0        0x4 LONG 0x6ffc ___m_data_1FFF0000_ROMStart
                0x200005d4        0x4 LONG 0x1fff0000 ___m_data_1FFF0000_RAMStart
                0x200005d8        0x4 LONG 0x0 ___m_data_1FFF0000_ROMSize
                0x200005dc        0x4 LONG 0x0
                0x200005e0        0x4 LONG 0x0
                0x200005e4        0x4 LONG 0x0

._user_heap_stack
                0x200005e8      0x400 load address 0x00007020
                0x200005e8                . = ALIGN (0x4)
                0x200005e8                PROVIDE (end, .)
                0x200005e8                PROVIDE (_end, .)
                0x200005e8                __heap_addr = .
                0x200005e8                . = (. + __heap_size)
                0x200009e8                . = (. + __stack_size)
 *fill*         0x200005e8      0x400 
                0x200009e8                . = ALIGN (0x4)

.ARM.attributes
                0x00000000       0x2a
 *(.ARM.attributes)
 .ARM.attributes
                0x00000000       0x1e /usr/local/gcc-arm-none-eabi-4_9-2015q3/bin/../lib/gcc/arm-none-eabi/4.9.3/armv7e-m/crti.o
 .ARM.attributes
                0x0000001e       0x2e /usr/local/gcc-arm-none-eabi-4_9-2015q3/bin/../lib/gcc/arm-none-eabi/4.9.3/armv7e-m/crtbegin.o
 .ARM.attributes
                0x0000004c       0x33 ./Static_Code/System/CPU_Init.o
 .ARM.attributes
                0x0000007f       0x33 ./Static_Code/System/Vectors.o
 .ARM.attributes
                0x000000b2       0x33 ./Sources/DataLogger.o
 .ARM.attributes
                0x000000e5       0x33 ./Sources/Events.o
 .ARM.attributes
                0x00000118       0x33 ./Sources/main.o
 .ARM.attributes
                0x0000014b       0x33 ./Project_Settings/Startup_Code/startup.o
 .ARM.attributes
                0x0000017e       0x33 ./Generated_Code/AD1.o
 .ARM.attributes
                0x000001b1       0x33 ./Generated_Code/AdcLdd1.o
 .ARM.attributes
                0x000001e4       0x33 ./Generated_Code/BitIoLdd1.o
 .ARM.attributes
                0x00000217       0x33 ./Generated_Code/BitIoLdd2.o
 .ARM.attributes
                0x0000024a       0x33 ./Generated_Code/BitIoLdd4.o
 .ARM.attributes
                0x0000027d       0x33 ./Generated_Code/CD1.o
 .ARM.attributes
                0x000002b0       0x33 ./Generated_Code/Cpu.o
 .ARM.attributes
                0x000002e3       0x33 ./Generated_Code/DBCLK.o
 .ARM.attributes
                0x00000316       0x33 ./Generated_Code/EInt1.o
 .ARM.attributes
                0x00000349       0x33 ./Generated_Code/ExtIntLdd1.o
 .ARM.attributes
                0x0000037c       0x33 ./Generated_Code/FAT1.o
 .ARM.attributes
                0x000003af       0x33 ./Generated_Code/Inhr1.o
 .ARM.attributes
                0x000003e2       0x33 ./Generated_Code/LEDPWM.o
 .ARM.attributes
                0x00000415       0x33 ./Generated_Code/PE_LDD.o
 .ARM.attributes
                0x00000448       0x33 ./Generated_Code/PwmLdd1.o
 .ARM.attributes
                0x0000047b       0x33 ./Generated_Code/RUNTI.o
 .ARM.attributes
                0x000004ae       0x33 ./Generated_Code/SD1.o
 .ARM.attributes
                0x000004e1       0x33 ./Generated_Code/SM1.o
 .ARM.attributes
                0x00000514       0x33 ./Generated_Code/SS1.o
 .ARM.attributes
                0x00000547       0x33 ./Generated_Code/TI1.o
 .ARM.attributes
                0x0000057a       0x33 ./Generated_Code/TMOUT1.o
 .ARM.attributes
                0x000005ad       0x33 ./Generated_Code/TU1.o
 .ARM.attributes
                0x000005e0       0x33 ./Generated_Code/TU2.o
 .ARM.attributes
                0x00000613       0x33 ./Generated_Code/TU3.o
 .ARM.attributes
                0x00000646       0x33 ./Generated_Code/TU4.o
 .ARM.attributes
                0x00000679       0x33 ./Generated_Code/TimerIntLdd1.o
 .ARM.attributes
                0x000006ac       0x33 ./Generated_Code/TimerIntLdd2.o
 .ARM.attributes
                0x000006df       0x33 ./Generated_Code/TimerIntLdd3.o
 .ARM.attributes
                0x00000712       0x33 ./Generated_Code/TmDt1.o
 .ARM.attributes
                0x00000745       0x33 ./Generated_Code/UTIL1.o
 .ARM.attributes
                0x00000778       0x33 ./Generated_Code/WAIT1.o
 .ARM.attributes
                0x000007ab       0x33 ./Generated_Code/ff.o
 .ARM.attributes
                0x000007de       0x2e /usr/local/gcc-arm-none-eabi-4_9-2015q3/bin/../lib/gcc/arm-none-eabi/4.9.3/../../../../arm-none-eabi/lib/armv7e-m/libg.a(lib_a-impure.o)
 .ARM.attributes
                0x0000080c       0x2e /usr/local/gcc-arm-none-eabi-4_9-2015q3/bin/../lib/gcc/arm-none-eabi/4.9.3/../../../../arm-none-eabi/lib/armv7e-m/libg.a(lib_a-strlen.o)
 .ARM.attributes
                0x0000083a       0x2e /usr/local/gcc-arm-none-eabi-4_9-2015q3/bin/../lib/gcc/arm-none-eabi/4.9.3/../../../../arm-none-eabi/lib/armv7e-m/libg.a(lib_a-__call_atexit.o)
 .ARM.attributes
                0x00000868       0x2e /usr/local/gcc-arm-none-eabi-4_9-2015q3/bin/../lib/gcc/arm-none-eabi/4.9.3/../../../../arm-none-eabi/lib/armv7e-m/libg.a(lib_a-atexit.o)
 .ARM.attributes
                0x00000896       0x2e /usr/local/gcc-arm-none-eabi-4_9-2015q3/bin/../lib/gcc/arm-none-eabi/4.9.3/../../../../arm-none-eabi/lib/armv7e-m/libg.a(lib_a-fini.o)
 .ARM.attributes
                0x000008c4       0x2e /usr/local/gcc-arm-none-eabi-4_9-2015q3/bin/../lib/gcc/arm-none-eabi/4.9.3/../../../../arm-none-eabi/lib/armv7e-m/libg.a(lib_a-__atexit.o)
 .ARM.attributes
                0x000008f2       0x1e /usr/local/gcc-arm-none-eabi-4_9-2015q3/bin/../lib/gcc/arm-none-eabi/4.9.3/armv7e-m/crtn.o
OUTPUT(DataLogger.elf elf32-littlearm)

.debug_info     0x00000000     0xcf60
 .debug_info    0x00000000      0xa7f ./Static_Code/System/CPU_Init.o
 .debug_info    0x00000a7f      0x825 ./Static_Code/System/Vectors.o
 .debug_info    0x000012a4      0x66e ./Sources/DataLogger.o
 .debug_info    0x00001912      0x1af ./Sources/Events.o
 .debug_info    0x00001ac1      0x41b ./Sources/main.o
 .debug_info    0x00001edc      0x308 ./Project_Settings/Startup_Code/startup.o
 .debug_info    0x000021e4      0x23b ./Generated_Code/AD1.o
 .debug_info    0x0000241f      0x973 ./Generated_Code/AdcLdd1.o
 .debug_info    0x00002d92      0x503 ./Generated_Code/BitIoLdd1.o
 .debug_info    0x00003295      0x503 ./Generated_Code/BitIoLdd2.o
 .debug_info    0x00003798      0x503 ./Generated_Code/BitIoLdd4.o
 .debug_info    0x00003c9b      0x4bb ./Generated_Code/CD1.o
 .debug_info    0x00004156       0xca ./Generated_Code/Cpu.o
 .debug_info    0x00004220       0xb2 ./Generated_Code/DBCLK.o
 .debug_info    0x000042d2       0xb2 ./Generated_Code/EInt1.o
 .debug_info    0x00004384      0x5fc ./Generated_Code/ExtIntLdd1.o
 .debug_info    0x00004980      0x51e ./Generated_Code/FAT1.o
 .debug_info    0x00004e9e       0xb2 ./Generated_Code/Inhr1.o
 .debug_info    0x00004f50      0x104 ./Generated_Code/LEDPWM.o
 .debug_info    0x00005054      0x251 ./Generated_Code/PE_LDD.o
 .debug_info    0x000052a5      0x56c ./Generated_Code/PwmLdd1.o
 .debug_info    0x00005811       0xb2 ./Generated_Code/RUNTI.o
 .debug_info    0x000058c3      0x76c ./Generated_Code/SD1.o
 .debug_info    0x0000602f      0x8eb ./Generated_Code/SM1.o
 .debug_info    0x0000691a      0x537 ./Generated_Code/SS1.o
 .debug_info    0x00006e51       0xb2 ./Generated_Code/TI1.o
 .debug_info    0x00006f03      0x2c1 ./Generated_Code/TMOUT1.o
 .debug_info    0x000071c4      0x6d7 ./Generated_Code/TU1.o
 .debug_info    0x0000789b      0x9a2 ./Generated_Code/TU2.o
 .debug_info    0x0000823d      0x647 ./Generated_Code/TU3.o
 .debug_info    0x00008884      0x647 ./Generated_Code/TU4.o
 .debug_info    0x00008ecb      0x204 ./Generated_Code/TimerIntLdd1.o
 .debug_info    0x000090cf      0x177 ./Generated_Code/TimerIntLdd2.o
 .debug_info    0x00009246      0x177 ./Generated_Code/TimerIntLdd3.o
 .debug_info    0x000093bd      0x43e ./Generated_Code/TmDt1.o
 .debug_info    0x000097fb     0x16c3 ./Generated_Code/UTIL1.o
 .debug_info    0x0000aebe      0x148 ./Generated_Code/WAIT1.o
 .debug_info    0x0000b006     0x1f5a ./Generated_Code/ff.o

.debug_abbrev   0x00000000     0x2dcc
 .debug_abbrev  0x00000000      0x1bf ./Static_Code/System/CPU_Init.o
 .debug_abbrev  0x000001bf       0xd8 ./Static_Code/System/Vectors.o
 .debug_abbrev  0x00000297      0x1b6 ./Sources/DataLogger.o
 .debug_abbrev  0x0000044d       0xd1 ./Sources/Events.o
 .debug_abbrev  0x0000051e      0x157 ./Sources/main.o
 .debug_abbrev  0x00000675      0x148 ./Project_Settings/Startup_Code/startup.o
 .debug_abbrev  0x000007bd      0x150 ./Generated_Code/AD1.o
 .debug_abbrev  0x0000090d      0x1b4 ./Generated_Code/AdcLdd1.o
 .debug_abbrev  0x00000ac1      0x14e ./Generated_Code/BitIoLdd1.o
 .debug_abbrev  0x00000c0f      0x14e ./Generated_Code/BitIoLdd2.o
 .debug_abbrev  0x00000d5d      0x14e ./Generated_Code/BitIoLdd4.o
 .debug_abbrev  0x00000eab      0x14e ./Generated_Code/CD1.o
 .debug_abbrev  0x00000ff9       0x78 ./Generated_Code/Cpu.o
 .debug_abbrev  0x00001071       0x68 ./Generated_Code/DBCLK.o
 .debug_abbrev  0x000010d9       0x68 ./Generated_Code/EInt1.o
 .debug_abbrev  0x00001141      0x15d ./Generated_Code/ExtIntLdd1.o
 .debug_abbrev  0x0000129e      0x15b ./Generated_Code/FAT1.o
 .debug_abbrev  0x000013f9       0x68 ./Generated_Code/Inhr1.o
 .debug_abbrev  0x00001461       0xbf ./Generated_Code/LEDPWM.o
 .debug_abbrev  0x00001520      0x10d ./Generated_Code/PE_LDD.o
 .debug_abbrev  0x0000162d      0x186 ./Generated_Code/PwmLdd1.o
 .debug_abbrev  0x000017b3       0x68 ./Generated_Code/RUNTI.o
 .debug_abbrev  0x0000181b      0x235 ./Generated_Code/SD1.o
 .debug_abbrev  0x00001a50      0x1e4 ./Generated_Code/SM1.o
 .debug_abbrev  0x00001c34      0x186 ./Generated_Code/SS1.o
 .debug_abbrev  0x00001dba       0x68 ./Generated_Code/TI1.o
 .debug_abbrev  0x00001e22       0xaf ./Generated_Code/TMOUT1.o
 .debug_abbrev  0x00001ed1      0x1a4 ./Generated_Code/TU1.o
 .debug_abbrev  0x00002075      0x1d0 ./Generated_Code/TU2.o
 .debug_abbrev  0x00002245      0x16a ./Generated_Code/TU3.o
 .debug_abbrev  0x000023af      0x16a ./Generated_Code/TU4.o
 .debug_abbrev  0x00002519       0xdd ./Generated_Code/TimerIntLdd1.o
 .debug_abbrev  0x000025f6       0xdd ./Generated_Code/TimerIntLdd2.o
 .debug_abbrev  0x000026d3       0xdd ./Generated_Code/TimerIntLdd3.o
 .debug_abbrev  0x000027b0      0x199 ./Generated_Code/TmDt1.o
 .debug_abbrev  0x00002949      0x1b6 ./Generated_Code/UTIL1.o
 .debug_abbrev  0x00002aff       0xb1 ./Generated_Code/WAIT1.o
 .debug_abbrev  0x00002bb0      0x21c ./Generated_Code/ff.o

.debug_aranges  0x00000000      0xfd8
 .debug_aranges
                0x00000000       0x40 ./Static_Code/System/CPU_Init.o
 .debug_aranges
                0x00000040      0x340 ./Static_Code/System/Vectors.o
 .debug_aranges
                0x00000380       0x40 ./Sources/DataLogger.o
 .debug_aranges
                0x000003c0       0x60 ./Sources/Events.o
 .debug_aranges
                0x00000420       0x28 ./Sources/main.o
 .debug_aranges
                0x00000448       0x60 ./Project_Settings/Startup_Code/startup.o
 .debug_aranges
                0x000004a8       0x48 ./Generated_Code/AD1.o
 .debug_aranges
                0x000004f0       0x60 ./Generated_Code/AdcLdd1.o
 .debug_aranges
                0x00000550       0x40 ./Generated_Code/BitIoLdd1.o
 .debug_aranges
                0x00000590       0x40 ./Generated_Code/BitIoLdd2.o
 .debug_aranges
                0x000005d0       0x40 ./Generated_Code/BitIoLdd4.o
 .debug_aranges
                0x00000610       0x30 ./Generated_Code/CD1.o
 .debug_aranges
                0x00000640       0x28 ./Generated_Code/Cpu.o
 .debug_aranges
                0x00000668       0x20 ./Generated_Code/DBCLK.o
 .debug_aranges
                0x00000688       0x20 ./Generated_Code/EInt1.o
 .debug_aranges
                0x000006a8       0x30 ./Generated_Code/ExtIntLdd1.o
 .debug_aranges
                0x000006d8       0x78 ./Generated_Code/FAT1.o
 .debug_aranges
                0x00000750       0x20 ./Generated_Code/Inhr1.o
 .debug_aranges
                0x00000770       0x28 ./Generated_Code/LEDPWM.o
 .debug_aranges
                0x00000798       0x30 ./Generated_Code/PE_LDD.o
 .debug_aranges
                0x000007c8       0x60 ./Generated_Code/PwmLdd1.o
 .debug_aranges
                0x00000828       0x20 ./Generated_Code/RUNTI.o
 .debug_aranges
                0x00000848       0xd8 ./Generated_Code/SD1.o
 .debug_aranges
                0x00000920       0x48 ./Generated_Code/SM1.o
 .debug_aranges
                0x00000968       0x48 ./Generated_Code/SS1.o
 .debug_aranges
                0x000009b0       0x20 ./Generated_Code/TI1.o
 .debug_aranges
                0x000009d0       0x50 ./Generated_Code/TMOUT1.o
 .debug_aranges
                0x00000a20       0x38 ./Generated_Code/TU1.o
 .debug_aranges
                0x00000a58       0x68 ./Generated_Code/TU2.o
 .debug_aranges
                0x00000ac0       0x28 ./Generated_Code/TU3.o
 .debug_aranges
                0x00000ae8       0x28 ./Generated_Code/TU4.o
 .debug_aranges
                0x00000b10       0x38 ./Generated_Code/TimerIntLdd1.o
 .debug_aranges
                0x00000b48       0x28 ./Generated_Code/TimerIntLdd2.o
 .debug_aranges
                0x00000b70       0x28 ./Generated_Code/TimerIntLdd3.o
 .debug_aranges
                0x00000b98       0x68 ./Generated_Code/TmDt1.o
 .debug_aranges
                0x00000c00      0x1c8 ./Generated_Code/UTIL1.o
 .debug_aranges
                0x00000dc8       0x40 ./Generated_Code/WAIT1.o
 .debug_aranges
                0x00000e08      0x1d0 ./Generated_Code/ff.o

.debug_ranges   0x00000000      0xd90
 .debug_ranges  0x00000000       0x30 ./Static_Code/System/CPU_Init.o
 .debug_ranges  0x00000030      0x330 ./Static_Code/System/Vectors.o
 .debug_ranges  0x00000360       0x30 ./Sources/DataLogger.o
 .debug_ranges  0x00000390       0x50 ./Sources/Events.o
 .debug_ranges  0x000003e0       0x18 ./Sources/main.o
 .debug_ranges  0x000003f8       0x50 ./Project_Settings/Startup_Code/startup.o
 .debug_ranges  0x00000448       0x38 ./Generated_Code/AD1.o
 .debug_ranges  0x00000480       0x50 ./Generated_Code/AdcLdd1.o
 .debug_ranges  0x000004d0       0x30 ./Generated_Code/BitIoLdd1.o
 .debug_ranges  0x00000500       0x30 ./Generated_Code/BitIoLdd2.o
 .debug_ranges  0x00000530       0x30 ./Generated_Code/BitIoLdd4.o
 .debug_ranges  0x00000560       0x20 ./Generated_Code/CD1.o
 .debug_ranges  0x00000580       0x18 ./Generated_Code/Cpu.o
 .debug_ranges  0x00000598       0x10 ./Generated_Code/DBCLK.o
 .debug_ranges  0x000005a8       0x10 ./Generated_Code/EInt1.o
 .debug_ranges  0x000005b8       0x20 ./Generated_Code/ExtIntLdd1.o
 .debug_ranges  0x000005d8       0x68 ./Generated_Code/FAT1.o
 .debug_ranges  0x00000640       0x10 ./Generated_Code/Inhr1.o
 .debug_ranges  0x00000650       0x18 ./Generated_Code/LEDPWM.o
 .debug_ranges  0x00000668       0x20 ./Generated_Code/PE_LDD.o
 .debug_ranges  0x00000688       0x50 ./Generated_Code/PwmLdd1.o
 .debug_ranges  0x000006d8       0x10 ./Generated_Code/RUNTI.o
 .debug_ranges  0x000006e8       0xc8 ./Generated_Code/SD1.o
 .debug_ranges  0x000007b0       0x38 ./Generated_Code/SM1.o
 .debug_ranges  0x000007e8       0x38 ./Generated_Code/SS1.o
 .debug_ranges  0x00000820       0x10 ./Generated_Code/TI1.o
 .debug_ranges  0x00000830       0x40 ./Generated_Code/TMOUT1.o
 .debug_ranges  0x00000870       0x28 ./Generated_Code/TU1.o
 .debug_ranges  0x00000898       0x58 ./Generated_Code/TU2.o
 .debug_ranges  0x000008f0       0x18 ./Generated_Code/TU3.o
 .debug_ranges  0x00000908       0x18 ./Generated_Code/TU4.o
 .debug_ranges  0x00000920       0x28 ./Generated_Code/TimerIntLdd1.o
 .debug_ranges  0x00000948       0x18 ./Generated_Code/TimerIntLdd2.o
 .debug_ranges  0x00000960       0x18 ./Generated_Code/TimerIntLdd3.o
 .debug_ranges  0x00000978       0x58 ./Generated_Code/TmDt1.o
 .debug_ranges  0x000009d0      0x1b8 ./Generated_Code/UTIL1.o
 .debug_ranges  0x00000b88       0x30 ./Generated_Code/WAIT1.o
 .debug_ranges  0x00000bb8      0x1d8 ./Generated_Code/ff.o

.debug_macro    0x00000000    0x24525
 .debug_macro   0x00000000      0x488 ./Static_Code/System/CPU_Init.o
 .debug_macro   0x00000488      0x868 ./Static_Code/System/CPU_Init.o
 .debug_macro   0x00000cf0       0x22 ./Static_Code/System/CPU_Init.o
 .debug_macro   0x00000d12       0x44 ./Static_Code/System/CPU_Init.o
 .debug_macro   0x00000d56       0xe3 ./Static_Code/System/CPU_Init.o
 .debug_macro   0x00000e39       0x22 ./Static_Code/System/CPU_Init.o
 .debug_macro   0x00000e5b      0x1df ./Static_Code/System/CPU_Init.o
 .debug_macro   0x0000103a     0x17de ./Static_Code/System/CPU_Init.o
 .debug_macro   0x00002818    0x10f7a ./Static_Code/System/CPU_Init.o
 .debug_macro   0x00013792      0x472 ./Static_Code/System/CPU_Init.o
 .debug_macro   0x00013c04      0x14e ./Static_Code/System/CPU_Init.o
 .debug_macro   0x00013d52       0x6a ./Static_Code/System/CPU_Init.o
 .debug_macro   0x00013dbc       0x58 ./Static_Code/System/CPU_Init.o
 .debug_macro   0x00013e14       0x35 ./Static_Code/System/CPU_Init.o
 .debug_macro   0x00013e49       0x9c ./Static_Code/System/CPU_Init.o
 .debug_macro   0x00013ee5       0x16 ./Static_Code/System/CPU_Init.o
 .debug_macro   0x00013efb       0x52 ./Static_Code/System/CPU_Init.o
 .debug_macro   0x00013f4d       0x94 ./Static_Code/System/CPU_Init.o
 .debug_macro   0x00013fe1      0x642 ./Static_Code/System/CPU_Init.o
 .debug_macro   0x00014623       0x51 ./Static_Code/System/CPU_Init.o
 .debug_macro   0x00014674      0x131 ./Static_Code/System/CPU_Init.o
 .debug_macro   0x000147a5       0x46 ./Static_Code/System/CPU_Init.o
 .debug_macro   0x000147eb       0x3a ./Static_Code/System/CPU_Init.o
 .debug_macro   0x00014825       0x3d ./Static_Code/System/CPU_Init.o
 .debug_macro   0x00014862       0x2e ./Static_Code/System/CPU_Init.o
 .debug_macro   0x00014890       0x1c ./Static_Code/System/CPU_Init.o
 .debug_macro   0x000148ac       0x1c ./Static_Code/System/CPU_Init.o
 .debug_macro   0x000148c8       0xe4 ./Static_Code/System/CPU_Init.o
 .debug_macro   0x000149ac       0xd6 ./Static_Code/System/CPU_Init.o
 .debug_macro   0x00014a82       0xeb ./Static_Code/System/CPU_Init.o
 .debug_macro   0x00014b6d       0x1c ./Static_Code/System/CPU_Init.o
 .debug_macro   0x00014b89      0x166 ./Static_Code/System/CPU_Init.o
 .debug_macro   0x00014cef       0x52 ./Static_Code/System/CPU_Init.o
 .debug_macro   0x00014d41       0x16 ./Static_Code/System/CPU_Init.o
 .debug_macro   0x00014d57       0x43 ./Static_Code/System/CPU_Init.o
 .debug_macro   0x00014d9a      0x180 ./Static_Code/System/CPU_Init.o
 .debug_macro   0x00014f1a      0x29d ./Static_Code/System/CPU_Init.o
 .debug_macro   0x000151b7       0x10 ./Static_Code/System/CPU_Init.o
 .debug_macro   0x000151c7       0x35 ./Static_Code/System/CPU_Init.o
 .debug_macro   0x000151fc       0x19 ./Static_Code/System/CPU_Init.o
 .debug_macro   0x00015215       0xf4 ./Static_Code/System/CPU_Init.o
 .debug_macro   0x00015309       0xe0 ./Static_Code/System/CPU_Init.o
 .debug_macro   0x000153e9      0x6a6 ./Static_Code/System/CPU_Init.o
 .debug_macro   0x00015a8f       0x59 ./Static_Code/System/CPU_Init.o
 .debug_macro   0x00015ae8       0x28 ./Static_Code/System/CPU_Init.o
 .debug_macro   0x00015b10       0x12 ./Static_Code/System/CPU_Init.o
 .debug_macro   0x00015b22      0x61c ./Static_Code/System/CPU_Init.o
 .debug_macro   0x0001613e       0x7b ./Static_Code/System/CPU_Init.o
 .debug_macro   0x000161b9       0x10 ./Static_Code/System/CPU_Init.o
 .debug_macro   0x000161c9      0x4e9 ./Static_Code/System/CPU_Init.o
 .debug_macro   0x000166b2       0x2e ./Static_Code/System/CPU_Init.o
 .debug_macro   0x000166e0       0x46 ./Static_Code/System/CPU_Init.o
 .debug_macro   0x00016726       0x20 ./Static_Code/System/CPU_Init.o
 .debug_macro   0x00016746       0x47 ./Static_Code/System/CPU_Init.o
 .debug_macro   0x0001678d       0x46 ./Static_Code/System/CPU_Init.o
 .debug_macro   0x000167d3       0x20 ./Static_Code/System/CPU_Init.o
 .debug_macro   0x000167f3       0x47 ./Static_Code/System/CPU_Init.o
 .debug_macro   0x0001683a       0x96 ./Static_Code/System/CPU_Init.o
 .debug_macro   0x000168d0       0x55 ./Static_Code/System/CPU_Init.o
 .debug_macro   0x00016925       0x3a ./Static_Code/System/CPU_Init.o
 .debug_macro   0x0001695f       0x47 ./Static_Code/System/CPU_Init.o
 .debug_macro   0x000169a6       0x3d ./Static_Code/System/CPU_Init.o
 .debug_macro   0x000169e3       0x4f ./Static_Code/System/CPU_Init.o
 .debug_macro   0x00016a32       0x1c ./Static_Code/System/CPU_Init.o
 .debug_macro   0x00016a4e       0x46 ./Static_Code/System/CPU_Init.o
 .debug_macro   0x00016a94       0x20 ./Static_Code/System/CPU_Init.o
 .debug_macro   0x00016ab4       0x47 ./Static_Code/System/CPU_Init.o
 .debug_macro   0x00016afb       0x4f ./Static_Code/System/CPU_Init.o
 .debug_macro   0x00016b4a       0x1c ./Static_Code/System/CPU_Init.o
 .debug_macro   0x00016b66       0x4c ./Static_Code/System/CPU_Init.o
 .debug_macro   0x00016bb2      0x2b6 ./Static_Code/System/CPU_Init.o
 .debug_macro   0x00016e68      0x476 ./Static_Code/System/Vectors.o
 .debug_macro   0x000172de      0x555 ./Sources/DataLogger.o
 .debug_macro   0x00017833      0x616 ./Sources/DataLogger.o
 .debug_macro   0x00017e49      0x626 ./Sources/DataLogger.o
 .debug_macro   0x0001846f      0x327 ./Sources/DataLogger.o
 .debug_macro   0x00018796      0x1e8 ./Sources/DataLogger.o
 .debug_macro   0x0001897e      0x109 ./Sources/DataLogger.o
 .debug_macro   0x00018a87      0x17e ./Sources/DataLogger.o
 .debug_macro   0x00018c05      0x200 ./Sources/DataLogger.o
 .debug_macro   0x00018e05      0x91e ./Sources/DataLogger.o
 .debug_macro   0x00019723      0x588 ./Sources/DataLogger.o
 .debug_macro   0x00019cab       0x9e ./Sources/DataLogger.o
 .debug_macro   0x00019d49      0x1f7 ./Sources/DataLogger.o
 .debug_macro   0x00019f40      0x50f ./Sources/DataLogger.o
 .debug_macro   0x0001a44f      0x297 ./Sources/DataLogger.o
 .debug_macro   0x0001a6e6      0x318 ./Sources/DataLogger.o
 .debug_macro   0x0001a9fe      0x25a ./Sources/DataLogger.o
 .debug_macro   0x0001ac58      0x13d ./Sources/DataLogger.o
 .debug_macro   0x0001ad95      0x30b ./Sources/DataLogger.o
 .debug_macro   0x0001b0a0       0xba ./Sources/DataLogger.o
 .debug_macro   0x0001b15a       0xe9 ./Sources/DataLogger.o
 .debug_macro   0x0001b243      0x191 ./Sources/DataLogger.o
 .debug_macro   0x0001b3d4       0xea ./Sources/DataLogger.o
 .debug_macro   0x0001b4be      0x348 ./Sources/DataLogger.o
 .debug_macro   0x0001b806      0x7d6 ./Sources/DataLogger.o
 .debug_macro   0x0001bfdc      0x179 ./Sources/DataLogger.o
 .debug_macro   0x0001c155      0x645 ./Sources/DataLogger.o
 .debug_macro   0x0001c79a      0x892 ./Sources/DataLogger.o
 .debug_macro   0x0001d02c      0x11c ./Sources/DataLogger.o
 .debug_macro   0x0001d148      0x648 ./Sources/DataLogger.o
 .debug_macro   0x0001d790       0x81 ./Sources/DataLogger.o
 .debug_macro   0x0001d811      0x7bf ./Sources/DataLogger.o
 .debug_macro   0x0001dfd0      0x10f ./Sources/DataLogger.o
 .debug_macro   0x0001e0df      0x614 ./Sources/DataLogger.o
 .debug_macro   0x0001e6f3      0x181 ./Sources/DataLogger.o
 .debug_macro   0x0001e874       0x4c ./Sources/DataLogger.o
 .debug_macro   0x0001e8c0       0x5f ./Sources/DataLogger.o
 .debug_macro   0x0001e91f       0x81 ./Sources/DataLogger.o
 .debug_macro   0x0001e9a0       0x34 ./Sources/DataLogger.o
 .debug_macro   0x0001e9d4      0x560 ./Sources/Events.o
 .debug_macro   0x0001ef34      0x569 ./Sources/main.o
 .debug_macro   0x0001f49d      0x102 ./Project_Settings/Startup_Code/startup.o
 .debug_macro   0x0001f59f       0x4a ./Project_Settings/Startup_Code/startup.o
 .debug_macro   0x0001f5e9       0x16 ./Project_Settings/Startup_Code/startup.o
 .debug_macro   0x0001f5ff       0x22 ./Project_Settings/Startup_Code/startup.o
 .debug_macro   0x0001f621      0x44b ./Generated_Code/AD1.o
 .debug_macro   0x0001fa6c      0x132 ./Generated_Code/AdcLdd1.o
 .debug_macro   0x0001fb9e      0x106 ./Generated_Code/BitIoLdd1.o
 .debug_macro   0x0001fca4      0x12b ./Generated_Code/BitIoLdd1.o
 .debug_macro   0x0001fdcf       0x40 ./Generated_Code/BitIoLdd1.o
 .debug_macro   0x0001fe0f      0x106 ./Generated_Code/BitIoLdd2.o
 .debug_macro   0x0001ff15       0x40 ./Generated_Code/BitIoLdd2.o
 .debug_macro   0x0001ff55      0x106 ./Generated_Code/BitIoLdd4.o
 .debug_macro   0x0002005b       0x40 ./Generated_Code/BitIoLdd4.o
 .debug_macro   0x0002009b      0x106 ./Generated_Code/CD1.o
 .debug_macro   0x000201a1       0x34 ./Generated_Code/CD1.o
 .debug_macro   0x000201d5      0x44b ./Generated_Code/Cpu.o
 .debug_macro   0x00020620      0x42d ./Generated_Code/DBCLK.o
 .debug_macro   0x00020a4d      0x42d ./Generated_Code/EInt1.o
 .debug_macro   0x00020e7a      0x11f ./Generated_Code/ExtIntLdd1.o
 .debug_macro   0x00020f99      0x22a ./Generated_Code/FAT1.o
 .debug_macro   0x000211c3       0xee ./Generated_Code/FAT1.o
 .debug_macro   0x000212b1       0xee ./Generated_Code/FAT1.o
 .debug_macro   0x0002139f      0x42d ./Generated_Code/Inhr1.o
 .debug_macro   0x000217cc      0x134 ./Generated_Code/LEDPWM.o
 .debug_macro   0x00021900      0x6a0 ./Generated_Code/LEDPWM.o
 .debug_macro   0x00021fa0       0x90 ./Generated_Code/LEDPWM.o
 .debug_macro   0x00022030      0x3b1 ./Generated_Code/PE_LDD.o
 .debug_macro   0x000223e1      0x131 ./Generated_Code/PwmLdd1.o
 .debug_macro   0x00022512      0x42d ./Generated_Code/RUNTI.o
 .debug_macro   0x0002293f      0x1dc ./Generated_Code/SD1.o
 .debug_macro   0x00022b1b      0x442 ./Generated_Code/SM1.o
 .debug_macro   0x00022f5d      0x106 ./Generated_Code/SS1.o
 .debug_macro   0x00023063      0x42d ./Generated_Code/TI1.o
 .debug_macro   0x00023490      0x103 ./Generated_Code/TMOUT1.o
 .debug_macro   0x00023593      0x11b ./Generated_Code/TU1.o
 .debug_macro   0x000236ae      0x12b ./Generated_Code/TU2.o
 .debug_macro   0x000237d9      0x11b ./Generated_Code/TU3.o
 .debug_macro   0x000238f4       0x49 ./Generated_Code/TU3.o
 .debug_macro   0x0002393d      0x11b ./Generated_Code/TU4.o
 .debug_macro   0x00023a58       0x49 ./Generated_Code/TU4.o
 .debug_macro   0x00023aa1      0x12a ./Generated_Code/TimerIntLdd1.o
 .debug_macro   0x00023bcb      0x125 ./Generated_Code/TimerIntLdd2.o
 .debug_macro   0x00023cf0      0x125 ./Generated_Code/TimerIntLdd3.o
 .debug_macro   0x00023e15      0x109 ./Generated_Code/TmDt1.o
 .debug_macro   0x00023f1e       0x16 ./Generated_Code/TmDt1.o
 .debug_macro   0x00023f34      0x190 ./Generated_Code/UTIL1.o
 .debug_macro   0x000240c4       0xee ./Generated_Code/WAIT1.o
 .debug_macro   0x000241b2       0x37 ./Generated_Code/WAIT1.o
 .debug_macro   0x000241e9      0x2e4 ./Generated_Code/ff.o
 .debug_macro   0x000244cd       0x58 ./Generated_Code/ff.o

.debug_line     0x00000000     0xeaeb
 .debug_line    0x00000000      0x7f0 ./Static_Code/System/CPU_Init.o
 .debug_line    0x000007f0      0xda3 ./Static_Code/System/Vectors.o
 .debug_line    0x00001593      0x8b9 ./Sources/DataLogger.o
 .debug_line    0x00001e4c      0x8af ./Sources/Events.o
 .debug_line    0x000026fb      0x85c ./Sources/main.o
 .debug_line    0x00002f57      0x344 ./Project_Settings/Startup_Code/startup.o
 .debug_line    0x0000329b      0x701 ./Generated_Code/AD1.o
 .debug_line    0x0000399c      0x4d0 ./Generated_Code/AdcLdd1.o
 .debug_line    0x00003e6c      0x413 ./Generated_Code/BitIoLdd1.o
 .debug_line    0x0000427f      0x413 ./Generated_Code/BitIoLdd2.o
 .debug_line    0x00004692      0x413 ./Generated_Code/BitIoLdd4.o
 .debug_line    0x00004aa5      0x3e3 ./Generated_Code/CD1.o
 .debug_line    0x00004e88      0x6f1 ./Generated_Code/Cpu.o
 .debug_line    0x00005579      0x67b ./Generated_Code/DBCLK.o
 .debug_line    0x00005bf4      0x67b ./Generated_Code/EInt1.o
 .debug_line    0x0000626f      0x411 ./Generated_Code/ExtIntLdd1.o
 .debug_line    0x00006680      0x5d9 ./Generated_Code/FAT1.o
 .debug_line    0x00006c59      0x67b ./Generated_Code/Inhr1.o
 .debug_line    0x000072d4      0x3f0 ./Generated_Code/LEDPWM.o
 .debug_line    0x000076c4      0x66a ./Generated_Code/PE_LDD.o
 .debug_line    0x00007d2e      0x492 ./Generated_Code/PwmLdd1.o
 .debug_line    0x000081c0      0x67b ./Generated_Code/RUNTI.o
 .debug_line    0x0000883b      0x7f5 ./Generated_Code/SD1.o
 .debug_line    0x00009030      0x752 ./Generated_Code/SM1.o
 .debug_line    0x00009782      0x41c ./Generated_Code/SS1.o
 .debug_line    0x00009b9e      0x677 ./Generated_Code/TI1.o
 .debug_line    0x0000a215      0x426 ./Generated_Code/TMOUT1.o
 .debug_line    0x0000a63b      0x42c ./Generated_Code/TU1.o
 .debug_line    0x0000aa67      0x4c8 ./Generated_Code/TU2.o
 .debug_line    0x0000af2f      0x3fe ./Generated_Code/TU3.o
 .debug_line    0x0000b32d      0x3fe ./Generated_Code/TU4.o
 .debug_line    0x0000b72b      0x422 ./Generated_Code/TimerIntLdd1.o
 .debug_line    0x0000bb4d      0x3f8 ./Generated_Code/TimerIntLdd2.o
 .debug_line    0x0000bf45      0x3f8 ./Generated_Code/TimerIntLdd3.o
 .debug_line    0x0000c33d      0x486 ./Generated_Code/TmDt1.o
 .debug_line    0x0000c7c3      0xc81 ./Generated_Code/UTIL1.o
 .debug_line    0x0000d444      0x3ab ./Generated_Code/WAIT1.o
 .debug_line    0x0000d7ef     0x12fc ./Generated_Code/ff.o

.debug_str      0x00000000    0xe92df
 .debug_str     0x00000000    0x87b12 ./Static_Code/System/CPU_Init.o
                              0x87d64 (size before relaxing)
 .debug_str     0x00087b12      0x984 ./Static_Code/System/Vectors.o
                              0x881a3 (size before relaxing)
 .debug_str     0x00088496    0x5db4d ./Sources/DataLogger.o
                              0xe437e (size before relaxing)
 .debug_str     0x000e5fe3      0x140 ./Sources/Events.o
                              0xe417d (size before relaxing)
 .debug_str     0x000e6123       0x6c ./Sources/main.o
                              0xe434d (size before relaxing)
 .debug_str     0x000e618f      0x1ef ./Project_Settings/Startup_Code/startup.o
                               0x4d6f (size before relaxing)
 .debug_str     0x000e637e      0x127 ./Generated_Code/AD1.o
                              0x86929 (size before relaxing)
 .debug_str     0x000e64a5      0x38d ./Generated_Code/AdcLdd1.o
                              0x6ef7e (size before relaxing)
 .debug_str     0x000e6832       0xe2 ./Generated_Code/BitIoLdd1.o
                              0x6a91e (size before relaxing)
 .debug_str     0x000e6914       0xa0 ./Generated_Code/BitIoLdd2.o
                              0x6a91e (size before relaxing)
 .debug_str     0x000e69b4       0xa0 ./Generated_Code/BitIoLdd4.o
                              0x6a91e (size before relaxing)
 .debug_str     0x000e6a54       0x5a ./Generated_Code/CD1.o
                              0x6a856 (size before relaxing)
 .debug_str     0x000e6aae       0x28 ./Generated_Code/Cpu.o
                              0x86822 (size before relaxing)
 .debug_str     0x000e6ad6       0x33 ./Generated_Code/DBCLK.o
                              0x867fb (size before relaxing)
 .debug_str     0x000e6b09       0x31 ./Generated_Code/EInt1.o
                              0x867f9 (size before relaxing)
 .debug_str     0x000e6b3a       0x93 ./Generated_Code/ExtIntLdd1.o
                              0x6de29 (size before relaxing)
 .debug_str     0x000e6bcd       0xf2 ./Generated_Code/FAT1.o
                              0x73b47 (size before relaxing)
 .debug_str     0x000e6cbf       0x28 ./Generated_Code/Inhr1.o
                              0x867f0 (size before relaxing)
 .debug_str     0x000e6ce7       0x50 ./Generated_Code/LEDPWM.o
                              0x731c7 (size before relaxing)
 .debug_str     0x000e6d37      0x15f ./Generated_Code/PE_LDD.o
                              0x86984 (size before relaxing)
 .debug_str     0x000e6e96      0x1e4 ./Generated_Code/PwmLdd1.o
                              0x7327c (size before relaxing)
 .debug_str     0x000e707a       0x33 ./Generated_Code/RUNTI.o
                              0x867fb (size before relaxing)
 .debug_str     0x000e70ad      0x472 ./Generated_Code/SD1.o
                              0x71205 (size before relaxing)
 .debug_str     0x000e751f      0x28b ./Generated_Code/SM1.o
                              0x86ca4 (size before relaxing)
 .debug_str     0x000e77aa       0x7b ./Generated_Code/SS1.o
                              0x6a8c6 (size before relaxing)
 .debug_str     0x000e7825       0x31 ./Generated_Code/TI1.o
                              0x867f9 (size before relaxing)
 .debug_str     0x000e7856       0xf4 ./Generated_Code/TMOUT1.o
                              0x69b5b (size before relaxing)
 .debug_str     0x000e794a       0xeb ./Generated_Code/TU1.o
                              0x72fcb (size before relaxing)
 .debug_str     0x000e7a35      0x1d1 ./Generated_Code/TU2.o
                              0x732f3 (size before relaxing)
 .debug_str     0x000e7c06       0x64 ./Generated_Code/TU3.o
                              0x72f02 (size before relaxing)
 .debug_str     0x000e7c6a       0x64 ./Generated_Code/TU4.o
                              0x72f02 (size before relaxing)
 .debug_str     0x000e7cce       0xcc ./Generated_Code/TimerIntLdd1.o
                              0x72e4f (size before relaxing)
 .debug_str     0x000e7d9a       0x61 ./Generated_Code/TimerIntLdd2.o
                              0x72d03 (size before relaxing)
 .debug_str     0x000e7dfb       0x61 ./Generated_Code/TimerIntLdd3.o
                              0x72d03 (size before relaxing)
 .debug_str     0x000e7e5c      0x114 ./Generated_Code/TmDt1.o
                              0x69b89 (size before relaxing)
 .debug_str     0x000e7f70      0x6f8 ./Generated_Code/UTIL1.o
                              0x6c008 (size before relaxing)
 .debug_str     0x000e8668       0x84 ./Generated_Code/WAIT1.o
                              0x69bd4 (size before relaxing)
 .debug_str     0x000e86ec      0xbf3 ./Generated_Code/ff.o
                               0xb8dd (size before relaxing)

.comment        0x00000000       0x70
 .comment       0x00000000       0x70 ./Static_Code/System/CPU_Init.o
                                 0x71 (size before relaxing)
 .comment       0x00000000       0x71 ./Static_Code/System/Vectors.o
 .comment       0x00000000       0x71 ./Sources/DataLogger.o
 .comment       0x00000000       0x71 ./Sources/Events.o
 .comment       0x00000000       0x71 ./Sources/main.o
 .comment       0x00000000       0x71 ./Project_Settings/Startup_Code/startup.o
 .comment       0x00000000       0x71 ./Generated_Code/AD1.o
 .comment       0x00000000       0x71 ./Generated_Code/AdcLdd1.o
 .comment       0x00000000       0x71 ./Generated_Code/BitIoLdd1.o
 .comment       0x00000000       0x71 ./Generated_Code/BitIoLdd2.o
 .comment       0x00000000       0x71 ./Generated_Code/BitIoLdd4.o
 .comment       0x00000000       0x71 ./Generated_Code/CD1.o
 .comment       0x00000000       0x71 ./Generated_Code/Cpu.o
 .comment       0x00000000       0x71 ./Generated_Code/DBCLK.o
 .comment       0x00000000       0x71 ./Generated_Code/EInt1.o
 .comment       0x00000000       0x71 ./Generated_Code/ExtIntLdd1.o
 .comment       0x00000000       0x71 ./Generated_Code/FAT1.o
 .comment       0x00000000       0x71 ./Generated_Code/Inhr1.o
 .comment       0x00000000       0x71 ./Generated_Code/LEDPWM.o
 .comment       0x00000000       0x71 ./Generated_Code/PE_LDD.o
 .comment       0x00000000       0x71 ./Generated_Code/PwmLdd1.o
 .comment       0x00000000       0x71 ./Generated_Code/RUNTI.o
 .comment       0x00000000       0x71 ./Generated_Code/SD1.o
 .comment       0x00000000       0x71 ./Generated_Code/SM1.o
 .comment       0x00000000       0x71 ./Generated_Code/SS1.o
 .comment       0x00000000       0x71 ./Generated_Code/TI1.o
 .comment       0x00000000       0x71 ./Generated_Code/TMOUT1.o
 .comment       0x00000000       0x71 ./Generated_Code/TU1.o
 .comment       0x00000000       0x71 ./Generated_Code/TU2.o
 .comment       0x00000000       0x71 ./Generated_Code/TU3.o
 .comment       0x00000000       0x71 ./Generated_Code/TU4.o
 .comment       0x00000000       0x71 ./Generated_Code/TimerIntLdd1.o
 .comment       0x00000000       0x71 ./Generated_Code/TimerIntLdd2.o
 .comment       0x00000000       0x71 ./Generated_Code/TimerIntLdd3.o
 .comment       0x00000000       0x71 ./Generated_Code/TmDt1.o
 .comment       0x00000000       0x71 ./Generated_Code/UTIL1.o
 .comment       0x00000000       0x71 ./Generated_Code/WAIT1.o
 .comment       0x00000000       0x71 ./Generated_Code/ff.o

.debug_frame    0x00000000     0x3dbc
 .debug_frame   0x00000000       0xb8 ./Static_Code/System/CPU_Init.o
 .debug_frame   0x000000b8      0xfd8 ./Static_Code/System/Vectors.o
 .debug_frame   0x00001090       0xcc ./Sources/DataLogger.o
 .debug_frame   0x0000115c      0x12c ./Sources/Events.o
 .debug_frame   0x00001288       0x54 ./Sources/main.o
 .debug_frame   0x000012dc      0x14c ./Project_Settings/Startup_Code/startup.o
 .debug_frame   0x00001428       0xdc ./Generated_Code/AD1.o
 .debug_frame   0x00001504      0x180 ./Generated_Code/AdcLdd1.o
 .debug_frame   0x00001684       0xd8 ./Generated_Code/BitIoLdd1.o
 .debug_frame   0x0000175c       0xd8 ./Generated_Code/BitIoLdd2.o
 .debug_frame   0x00001834       0xd8 ./Generated_Code/BitIoLdd4.o
 .debug_frame   0x0000190c       0x88 ./Generated_Code/CD1.o
 .debug_frame   0x00001994       0x58 ./Generated_Code/Cpu.o
 .debug_frame   0x000019ec       0x34 ./Generated_Code/DBCLK.o
 .debug_frame   0x00001a20       0x34 ./Generated_Code/EInt1.o
 .debug_frame   0x00001a54       0x90 ./Generated_Code/ExtIntLdd1.o
 .debug_frame   0x00001ae4      0x1c8 ./Generated_Code/FAT1.o
 .debug_frame   0x00001cac       0x34 ./Generated_Code/Inhr1.o
 .debug_frame   0x00001ce0       0x54 ./Generated_Code/LEDPWM.o
 .debug_frame   0x00001d34       0x84 ./Generated_Code/PE_LDD.o
 .debug_frame   0x00001db8      0x154 ./Generated_Code/PwmLdd1.o
 .debug_frame   0x00001f0c       0x34 ./Generated_Code/RUNTI.o
 .debug_frame   0x00001f40      0x350 ./Generated_Code/SD1.o
 .debug_frame   0x00002290      0x108 ./Generated_Code/SM1.o
 .debug_frame   0x00002398      0x100 ./Generated_Code/SS1.o
 .debug_frame   0x00002498       0x34 ./Generated_Code/TI1.o
 .debug_frame   0x000024cc      0x128 ./Generated_Code/TMOUT1.o
 .debug_frame   0x000025f4       0xb8 ./Generated_Code/TU1.o
 .debug_frame   0x000026ac      0x1a8 ./Generated_Code/TU2.o
 .debug_frame   0x00002854       0x68 ./Generated_Code/TU3.o
 .debug_frame   0x000028bc       0x68 ./Generated_Code/TU4.o
 .debug_frame   0x00002924       0xa0 ./Generated_Code/TimerIntLdd1.o
 .debug_frame   0x000029c4       0x58 ./Generated_Code/TimerIntLdd2.o
 .debug_frame   0x00002a1c       0x58 ./Generated_Code/TimerIntLdd3.o
 .debug_frame   0x00002a74      0x184 ./Generated_Code/TmDt1.o
 .debug_frame   0x00002bf8      0x7f0 ./Generated_Code/UTIL1.o
 .debug_frame   0x000033e8       0x9c ./Generated_Code/WAIT1.o
 .debug_frame   0x00003484      0x840 ./Generated_Code/ff.o
 .debug_frame   0x00003cc4       0x20 /usr/local/gcc-arm-none-eabi-4_9-2015q3/bin/../lib/gcc/arm-none-eabi/4.9.3/../../../../arm-none-eabi/lib/armv7e-m/libg.a(lib_a-strlen.o)
 .debug_frame   0x00003ce4       0x50 /usr/local/gcc-arm-none-eabi-4_9-2015q3/bin/../lib/gcc/arm-none-eabi/4.9.3/../../../../arm-none-eabi/lib/armv7e-m/libg.a(lib_a-__call_atexit.o)
 .debug_frame   0x00003d34       0x20 /usr/local/gcc-arm-none-eabi-4_9-2015q3/bin/../lib/gcc/arm-none-eabi/4.9.3/../../../../arm-none-eabi/lib/armv7e-m/libg.a(lib_a-atexit.o)
 .debug_frame   0x00003d54       0x34 /usr/local/gcc-arm-none-eabi-4_9-2015q3/bin/../lib/gcc/arm-none-eabi/4.9.3/../../../../arm-none-eabi/lib/armv7e-m/libg.a(lib_a-fini.o)
 .debug_frame   0x00003d88       0x34 /usr/local/gcc-arm-none-eabi-4_9-2015q3/bin/../lib/gcc/arm-none-eabi/4.9.3/../../../../arm-none-eabi/lib/armv7e-m/libg.a(lib_a-__atexit.o)
